Archive member included to satisfy reference by file (symbol)

c:/st/stm32cubeide_1.6.0/stm32cubeide/plugins/com.st.stm32cube.ide.mcu.externaltools.gnu-tools-for-stm32.9-2020-q2-update.win32_1.5.0.202011040924/tools/bin/../lib/gcc/arm-none-eabi/9.3.1/../../../../arm-none-eabi/lib/thumb/v7-m/nofp\libc_nano.a(lib_a-errno.o)
                              Core/Src/syscalls.o (__errno)
c:/st/stm32cubeide_1.6.0/stm32cubeide/plugins/com.st.stm32cube.ide.mcu.externaltools.gnu-tools-for-stm32.9-2020-q2-update.win32_1.5.0.202011040924/tools/bin/../lib/gcc/arm-none-eabi/9.3.1/../../../../arm-none-eabi/lib/thumb/v7-m/nofp\libc_nano.a(lib_a-exit.o)
                              c:/st/stm32cubeide_1.6.0/stm32cubeide/plugins/com.st.stm32cube.ide.mcu.externaltools.gnu-tools-for-stm32.9-2020-q2-update.win32_1.5.0.202011040924/tools/bin/../lib/gcc/arm-none-eabi/9.3.1/../../../../arm-none-eabi/lib/thumb/v7-m/nofp/crt0.o (exit)
c:/st/stm32cubeide_1.6.0/stm32cubeide/plugins/com.st.stm32cube.ide.mcu.externaltools.gnu-tools-for-stm32.9-2020-q2-update.win32_1.5.0.202011040924/tools/bin/../lib/gcc/arm-none-eabi/9.3.1/../../../../arm-none-eabi/lib/thumb/v7-m/nofp\libc_nano.a(lib_a-impure.o)
                              c:/st/stm32cubeide_1.6.0/stm32cubeide/plugins/com.st.stm32cube.ide.mcu.externaltools.gnu-tools-for-stm32.9-2020-q2-update.win32_1.5.0.202011040924/tools/bin/../lib/gcc/arm-none-eabi/9.3.1/../../../../arm-none-eabi/lib/thumb/v7-m/nofp\libc_nano.a(lib_a-exit.o) (_global_impure_ptr)
c:/st/stm32cubeide_1.6.0/stm32cubeide/plugins/com.st.stm32cube.ide.mcu.externaltools.gnu-tools-for-stm32.9-2020-q2-update.win32_1.5.0.202011040924/tools/bin/../lib/gcc/arm-none-eabi/9.3.1/../../../../arm-none-eabi/lib/thumb/v7-m/nofp\libc_nano.a(lib_a-init.o)
                              c:/st/stm32cubeide_1.6.0/stm32cubeide/plugins/com.st.stm32cube.ide.mcu.externaltools.gnu-tools-for-stm32.9-2020-q2-update.win32_1.5.0.202011040924/tools/bin/../lib/gcc/arm-none-eabi/9.3.1/../../../../arm-none-eabi/lib/thumb/v7-m/nofp/crt0.o (__libc_init_array)
c:/st/stm32cubeide_1.6.0/stm32cubeide/plugins/com.st.stm32cube.ide.mcu.externaltools.gnu-tools-for-stm32.9-2020-q2-update.win32_1.5.0.202011040924/tools/bin/../lib/gcc/arm-none-eabi/9.3.1/../../../../arm-none-eabi/lib/thumb/v7-m/nofp\libc_nano.a(lib_a-memset.o)
                              c:/st/stm32cubeide_1.6.0/stm32cubeide/plugins/com.st.stm32cube.ide.mcu.externaltools.gnu-tools-for-stm32.9-2020-q2-update.win32_1.5.0.202011040924/tools/bin/../lib/gcc/arm-none-eabi/9.3.1/../../../../arm-none-eabi/lib/thumb/v7-m/nofp/crt0.o (memset)
c:/st/stm32cubeide_1.6.0/stm32cubeide/plugins/com.st.stm32cube.ide.mcu.externaltools.gnu-tools-for-stm32.9-2020-q2-update.win32_1.5.0.202011040924/tools/bin/../lib/gcc/arm-none-eabi/9.3.1/../../../../arm-none-eabi/lib/thumb/v7-m/nofp\libc_nano.a(lib_a-sprintf.o)
                              Core/Src/lcd.o (sprintf)
c:/st/stm32cubeide_1.6.0/stm32cubeide/plugins/com.st.stm32cube.ide.mcu.externaltools.gnu-tools-for-stm32.9-2020-q2-update.win32_1.5.0.202011040924/tools/bin/../lib/gcc/arm-none-eabi/9.3.1/../../../../arm-none-eabi/lib/thumb/v7-m/nofp\libc_nano.a(lib_a-nano-svfprintf.o)
                              c:/st/stm32cubeide_1.6.0/stm32cubeide/plugins/com.st.stm32cube.ide.mcu.externaltools.gnu-tools-for-stm32.9-2020-q2-update.win32_1.5.0.202011040924/tools/bin/../lib/gcc/arm-none-eabi/9.3.1/../../../../arm-none-eabi/lib/thumb/v7-m/nofp\libc_nano.a(lib_a-sprintf.o) (_svfprintf_r)
c:/st/stm32cubeide_1.6.0/stm32cubeide/plugins/com.st.stm32cube.ide.mcu.externaltools.gnu-tools-for-stm32.9-2020-q2-update.win32_1.5.0.202011040924/tools/bin/../lib/gcc/arm-none-eabi/9.3.1/../../../../arm-none-eabi/lib/thumb/v7-m/nofp\libc_nano.a(lib_a-nano-vfprintf_i.o)
                              c:/st/stm32cubeide_1.6.0/stm32cubeide/plugins/com.st.stm32cube.ide.mcu.externaltools.gnu-tools-for-stm32.9-2020-q2-update.win32_1.5.0.202011040924/tools/bin/../lib/gcc/arm-none-eabi/9.3.1/../../../../arm-none-eabi/lib/thumb/v7-m/nofp\libc_nano.a(lib_a-nano-svfprintf.o) (_printf_i)
c:/st/stm32cubeide_1.6.0/stm32cubeide/plugins/com.st.stm32cube.ide.mcu.externaltools.gnu-tools-for-stm32.9-2020-q2-update.win32_1.5.0.202011040924/tools/bin/../lib/gcc/arm-none-eabi/9.3.1/../../../../arm-none-eabi/lib/thumb/v7-m/nofp\libc_nano.a(lib_a-memchr-stub.o)
                              c:/st/stm32cubeide_1.6.0/stm32cubeide/plugins/com.st.stm32cube.ide.mcu.externaltools.gnu-tools-for-stm32.9-2020-q2-update.win32_1.5.0.202011040924/tools/bin/../lib/gcc/arm-none-eabi/9.3.1/../../../../arm-none-eabi/lib/thumb/v7-m/nofp\libc_nano.a(lib_a-nano-svfprintf.o) (memchr)
c:/st/stm32cubeide_1.6.0/stm32cubeide/plugins/com.st.stm32cube.ide.mcu.externaltools.gnu-tools-for-stm32.9-2020-q2-update.win32_1.5.0.202011040924/tools/bin/../lib/gcc/arm-none-eabi/9.3.1/../../../../arm-none-eabi/lib/thumb/v7-m/nofp\libc_nano.a(lib_a-memcpy-stub.o)
[...]
Memory Configuration

Name             Origin             Length             Attributes
RAM              0x0000000020000000 0x0000000000002800 xrw
FLASH            0x0000000008000000 0x0000000000008000 xr
*default*        0x0000000000000000 0xffffffffffffffff

Linker script and memory map

LOAD c:/st/stm32cubeide_1.6.0/stm32cubeide/plugins/com.st.stm32cube.ide.mcu.externaltools.gnu-tools-for-stm32.9-2020-q2-update.win32_1.5.0.202011040924/tools/bin/../lib/gcc/arm-none-eabi/9.3.1/thumb/v7-m/nofp/crti.o
LOAD c:/st/stm32cubeide_1.6.0/stm32cubeide/plugins/com.st.stm32cube.ide.mcu.externaltools.gnu-tools-for-stm32.9-2020-q2-update.win32_1.5.0.202011040924/tools/bin/../lib/gcc/arm-none-eabi/9.3.1/thumb/v7-m/nofp/crtbegin.o
LOAD c:/st/stm32cubeide_1.6.0/stm32cubeide/plugins/com.st.stm32cube.ide.mcu.externaltools.gnu-tools-for-stm32.9-2020-q2-update.win32_1.5.0.202011040924/tools/bin/../lib/gcc/arm-none-eabi/9.3.1/../../../../arm-none-eabi/lib/thumb/v7-m/nofp/crt0.o
LOAD Core/Src/alarms.o
LOAD Core/Src/controlTemp.o
LOAD Core/Src/gui.o
LOAD Core/Src/lcd.o
LOAD Core/Src/main.o
LOAD Core/Src/motors.o
LOAD Core/Src/stm32f1xx_hal_msp.o
LOAD Core/Src/stm32f1xx_it.o
LOAD Core/Src/syscalls.o
LOAD Core/Src/sysmem.o
LOAD Core/Src/system_stm32f1xx.o
LOAD Core/Startup/startup_stm32f103c6tx.o
LOAD Drivers/STM32F1xx_HAL_Driver/Src/stm32f1xx_hal.o
LOAD Drivers/STM32F1xx_HAL_Driver/Src/stm32f1xx_hal_adc.o
LOAD Drivers/STM32F1xx_HAL_Driver/Src/stm32f1xx_hal_adc_ex.o
LOAD Drivers/STM32F1xx_HAL_Driver/Src/stm32f1xx_hal_cortex.o
LOAD Drivers/STM32F1xx_HAL_Driver/Src/stm32f1xx_hal_dma.o
LOAD Drivers/STM32F1xx_HAL_Driver/Src/stm32f1xx_hal_exti.o
LOAD Drivers/STM32F1xx_HAL_Driver/Src/stm32f1xx_hal_flash.o
LOAD Drivers/STM32F1xx_HAL_Driver/Src/stm32f1xx_hal_flash_ex.o
LOAD Drivers/STM32F1xx_HAL_Driver/Src/stm32f1xx_hal_gpio.o
LOAD Drivers/STM32F1xx_HAL_Driver/Src/stm32f1xx_hal_gpio_ex.o
LOAD Drivers/STM32F1xx_HAL_Driver/Src/stm32f1xx_hal_i2c.o
LOAD Drivers/STM32F1xx_HAL_Driver/Src/stm32f1xx_hal_pwr.o
LOAD Drivers/STM32F1xx_HAL_Driver/Src/stm32f1xx_hal_rcc.o
LOAD Drivers/STM32F1xx_HAL_Driver/Src/stm32f1xx_hal_rcc_ex.o
LOAD Drivers/STM32F1xx_HAL_Driver/Src/stm32f1xx_hal_tim.o
LOAD Drivers/STM32F1xx_HAL_Driver/Src/stm32f1xx_hal_tim_ex.o
START GROUP
LOAD c:/st/stm32cubeide_1.6.0/stm32cubeide/plugins/com.st.stm32cube.ide.mcu.externaltools.gnu-tools-for-stm32.9-2020-q2-update.win32_1.5.0.202011040924/tools/bin/../lib/gcc/arm-none-eabi/9.3.1/../../../../arm-none-eabi/lib/thumb/v7-m/nofp\libc_nano.a
LOAD c:/st/stm32cubeide_1.6.0/stm32cubeide/plugins/com.st.stm32cube.ide.mcu.externaltools.gnu-tools-for-stm32.9-2020-q2-update.win32_1.5.0.202011040924/tools/bin/../lib/gcc/arm-none-eabi/9.3.1/../../../../arm-none-eabi/lib/thumb/v7-m/nofp\libm.a
END GROUP
START GROUP
LOAD c:/st/stm32cubeide_1.6.0/stm32cubeide/plugins/com.st.stm32cube.ide.mcu.externaltools.gnu-tools-for-stm32.9-2020-q2-update.win32_1.5.0.202011040924/tools/bin/../lib/gcc/arm-none-eabi/9.3.1/thumb/v7-m/nofp\libgcc.a
LOAD c:/st/stm32cubeide_1.6.0/stm32cubeide/plugins/com.st.stm32cube.ide.mcu.externaltools.gnu-tools-for-stm32.9-2020-q2-update.win32_1.5.0.202011040924/tools/bin/../lib/gcc/arm-none-eabi/9.3.1/../../../../arm-none-eabi/lib/thumb/v7-m/nofp\libc_nano.a
END GROUP
START GROUP
LOAD c:/st/stm32cubeide_1.6.0/stm32cubeide/plugins/com.st.stm32cube.ide.mcu.externaltools.gnu-tools-for-stm32.9-2020-q2-update.win32_1.5.0.202011040924/tools/bin/../lib/gcc/arm-none-eabi/9.3.1/thumb/v7-m/nofp\libgcc.a
LOAD c:/st/stm32cubeide_1.6.0/stm32cubeide/plugins/com.st.stm32cube.ide.mcu.externaltools.gnu-tools-for-stm32.9-2020-q2-update.win32_1.5.0.202011040924/tools/bin/../lib/gcc/arm-none-eabi/9.3.1/../../../../arm-none-eabi/lib/thumb/v7-m/nofp\libc_nano.a
LOAD c:/st/stm32cubeide_1.6.0/stm32cubeide/plugins/com.st.stm32cube.ide.mcu.externaltools.gnu-tools-for-stm32.9-2020-q2-update.win32_1.5.0.202011040924/tools/bin/../lib/gcc/arm-none-eabi/9.3.1/../../../../arm-none-eabi/lib/thumb/v7-m/nofp\libnosys.a
END GROUP
START GROUP
LOAD c:/st/stm32cubeide_1.6.0/stm32cubeide/plugins/com.st.stm32cube.ide.mcu.externaltools.gnu-tools-for-stm32.9-2020-q2-update.win32_1.5.0.202011040924/tools/bin/../lib/gcc/arm-none-eabi/9.3.1/thumb/v7-m/nofp\libgcc.a
LOAD c:/st/stm32cubeide_1.6.0/stm32cubeide/plugins/com.st.stm32cube.ide.mcu.externaltools.gnu-tools-for-stm32.9-2020-q2-update.win32_1.5.0.202011040924/tools/bin/../lib/gcc/arm-none-eabi/9.3.1/../../../../arm-none-eabi/lib/thumb/v7-m/nofp\libc_nano.a
LOAD c:/st/stm32cubeide_1.6.0/stm32cubeide/plugins/com.st.stm32cube.ide.mcu.externaltools.gnu-tools-for-stm32.9-2020-q2-update.win32_1.5.0.202011040924/tools/bin/../lib/gcc/arm-none-eabi/9.3.1/../../../../arm-none-eabi/lib/thumb/v7-m/nofp\libnosys.a
END GROUP
LOAD c:/st/stm32cubeide_1.6.0/stm32cubeide/plugins/com.st.stm32cube.ide.mcu.externaltools.gnu-tools-for-stm32.9-2020-q2-update.win32_1.5.0.202011040924/tools/bin/../lib/gcc/arm-none-eabi/9.3.1/thumb/v7-m/nofp/crtend.o
LOAD c:/st/stm32cubeide_1.6.0/stm32cubeide/plugins/com.st.stm32cube.ide.mcu.externaltools.gnu-tools-for-stm32.9-2020-q2-update.win32_1.5.0.202011040924/tools/bin/../lib/gcc/arm-none-eabi/9.3.1/thumb/v7-m/nofp/crtn.o
                0x0000000020002800                _estack = (ORIGIN (RAM) + LENGTH (RAM))
                0x0000000000000200                _Min_Heap_Size = 0x200
                0x0000000000000400                _Min_Stack_Size = 0x400

.isr_vector     0x0000000008000000      0x10c
                0x0000000008000000                . = ALIGN (0x4)
 *(.isr_vector)
 .isr_vector    0x0000000008000000      0x10c Core/Startup/startup_stm32f103c6tx.o
                0x0000000008000000                g_pfnVectors
                0x000000000800010c                . = ALIGN (0x4)

.text           0x000000000800010c     0x560c
                0x000000000800010c                . = ALIGN (0x4)
 *(.text)
 .text          0x000000000800010c       0x40 c:/st/stm32cubeide_1.6.0/stm32cubeide/plugins/com.st.stm32cube.ide.mcu.externaltools.gnu-tools-for-stm32.9-2020-q2-update.win32_1.5.0.202011040924/tools/bin/../lib/gcc/arm-none-eabi/9.3.1/thumb/v7-m/nofp/crtbegin.o
 .text          0x000000000800014c      0x21c c:/st/stm32cubeide_1.6.0/stm32cubeide/plugins/com.st.stm32cube.ide.mcu.externaltools.gnu-tools-for-stm32.9-2020-q2-update.win32_1.5.0.202011040924/tools/bin/../lib/gcc/arm-none-eabi/9.3.1/thumb/v7-m/nofp\libgcc.a(_arm_addsubsf3.o)
                0x000000000800014c                __aeabi_frsub
                0x0000000008000154                __subsf3
                0x0000000008000154                __aeabi_fsub
                0x0000000008000158                __aeabi_fadd
                0x0000000008000158                __addsf3
                0x00000000080002b8                __aeabi_ui2f
                0x00000000080002b8                __floatunsisf
                0x00000000080002c0                __aeabi_i2f
                0x00000000080002c0                __floatsisf
                0x00000000080002dc                __aeabi_ul2f
                0x00000000080002dc                __floatundisf
                0x00000000080002ec                __aeabi_l2f
                0x00000000080002ec                __floatdisf
 .text          0x0000000008000368      0x2a0 c:/st/stm32cubeide_1.6.0/stm32cubeide/plugins/com.st.stm32cube.ide.mcu.externaltools.gnu-tools-for-stm32.9-2020-q2-update.win32_1.5.0.202011040924/tools/bin/../lib/gcc/arm-none-eabi/9.3.1/thumb/v7-m/nofp\libgcc.a(_arm_muldivsf3.o)
                0x0000000008000368                __mulsf3
                0x0000000008000368                __aeabi_fmul
                0x00000000080004d0                __aeabi_fdiv
                0x00000000080004d0                __divsf3
 .text          0x0000000008000608       0xec c:/st/stm32cubeide_1.6.0/stm32cubeide/plugins/com.st.stm32cube.ide.mcu.externaltools.gnu-tools-for-stm32.9-2020-q2-update.win32_1.5.0.202011040924/tools/bin/../lib/gcc/arm-none-eabi/9.3.1/thumb/v7-m/nofp\libgcc.a(_arm_cmpsf2.o)
                0x0000000008000608                __gesf2
                0x0000000008000608                __gtsf2
                0x0000000008000610                __lesf2
                0x0000000008000610                __ltsf2
                0x0000000008000618                __nesf2
                0x0000000008000618                __eqsf2
                0x0000000008000618                __cmpsf2
                0x0000000008000678                __aeabi_cfrcmple
                0x0000000008000680                __aeabi_cfcmpeq
                0x0000000008000680                __aeabi_cfcmple
                0x0000000008000690                __aeabi_fcmpeq
                0x00000000080006a4                __aeabi_fcmplt
                0x00000000080006b8                __aeabi_fcmple
                0x00000000080006cc                __aeabi_fcmpge
                0x00000000080006e0                __aeabi_fcmpgt
 .text          0x00000000080006f4       0x40 c:/st/stm32cubeide_1.6.0/stm32cubeide/plugins/com.st.stm32cube.ide.mcu.externaltools.gnu-tools-for-stm32.9-2020-q2-update.win32_1.5.0.202011040924/tools/bin/../lib/gcc/arm-none-eabi/9.3.1/thumb/v7-m/nofp\libgcc.a(_arm_fixunssfsi.o)
                0x00000000080006f4                __fixunssfsi
                0x00000000080006f4                __aeabi_f2uiz
 *(.text*)
 .text.ControlAlarms
                0x0000000008000734       0x38 Core/Src/alarms.o
                0x0000000008000734                ControlAlarms
 .text.ActivaAlarmaLuminica
                0x000000000800076c       0x18 Core/Src/alarms.o
                0x000000000800076c                ActivaAlarmaLuminica
 .text.ActivaAlarmaSonora
                0x0000000008000784       0x18 Core/Src/alarms.o
                0x0000000008000784                ActivaAlarmaSonora
 .text.DesactivaAlarmas
                0x000000000800079c       0x28 Core/Src/alarms.o
                0x000000000800079c                DesactivaAlarmas
 .text.GetTemp  0x00000000080007c4      0x150 Core/Src/controlTemp.o
                0x00000000080007c4                GetTemp
 .text.Control_ON_OFF
                0x0000000008000914       0x54 Core/Src/controlTemp.o
                0x0000000008000914                Control_ON_OFF
 .text.ActivaCalentador
                0x0000000008000968       0x18 Core/Src/controlTemp.o
                0x0000000008000968                ActivaCalentador
 .text.DesactivaCalentador
                0x0000000008000980       0x18 Core/Src/controlTemp.o
                0x0000000008000980                DesactivaCalentador
 .text.UpdateDataGUI
                0x0000000008000998      0x638 Core/Src/gui.o
                0x0000000008000998                UpdateDataGUI
 .text.UpdateCursor
                0x0000000008000fd0      0x1a4 Core/Src/gui.o
                0x0000000008000fd0                UpdateCursor
 .text.lcd_send_cmd
                0x0000000008001174       0x60 Core/Src/lcd.o
                0x0000000008001174                lcd_send_cmd
 .text.lcd_send_data
                0x00000000080011d4       0x60 Core/Src/lcd.o
                0x00000000080011d4                lcd_send_data
 .text.lcd_init
                0x0000000008001234       0x76 Core/Src/lcd.o
                0x0000000008001234                lcd_init
 .text.lcd_send_string
                0x00000000080012aa       0x2a Core/Src/lcd.o
                0x00000000080012aa                lcd_send_string
 .text.PresentacionLCD
                0x00000000080012d4       0x28 Core/Src/lcd.o
                0x00000000080012d4                PresentacionLCD
 .text.UpdateLCD
                0x00000000080012fc      0x154 Core/Src/lcd.o
                0x00000000080012fc                UpdateLCD
 .text.PrintScreenSettingTemp
                0x0000000008001450       0x54 Core/Src/lcd.o
                0x0000000008001450                PrintScreenSettingTemp
 .text.PrintSettingTemp
                0x00000000080014a4       0x38 Core/Src/lcd.o
                0x00000000080014a4                PrintSettingTemp
 .text.PrintScreenWorking
                0x00000000080014dc       0x88 Core/Src/lcd.o
                0x00000000080014dc                PrintScreenWorking
 .text.UpdateCurrentTemp
                0x0000000008001564       0x34 Core/Src/lcd.o
                0x0000000008001564                UpdateCurrentTemp
 .text.PrintX   0x0000000008001598       0x58 Core/Src/lcd.o
                0x0000000008001598                PrintX
 .text.CleanX   0x00000000080015f0       0x3c Core/Src/lcd.o
                0x00000000080015f0                CleanX
 .text.PrintCursor
                0x000000000800162c       0x84 Core/Src/lcd.o
                0x000000000800162c                PrintCursor
 .text.ClearAllCursor
                0x00000000080016b0       0x4c Core/Src/lcd.o
                0x00000000080016b0                ClearAllCursor
 .text.PrintScreen
                0x00000000080016fc       0x4c Core/Src/lcd.o
                0x00000000080016fc                PrintScreen
 .text.ClearScreen
                0x0000000008001748       0x14 Core/Src/lcd.o
                0x0000000008001748                ClearScreen
 .text.PrintErrorMessage
                0x000000000800175c       0x28 Core/Src/lcd.o
                0x000000000800175c                PrintErrorMessage
 .text.main     0x0000000008001784       0xdc Core/Src/main.o
                0x0000000008001784                main
 .text.SystemClock_Config
                0x0000000008001860       0xb6 Core/Src/main.o
                0x0000000008001860                SystemClock_Config
 *fill*         0x0000000008001916        0x2 
 .text.MX_ADC1_Init
                0x0000000008001918       0x7c Core/Src/main.o
 .text.MX_I2C1_Init
                0x0000000008001994       0x5c Core/Src/main.o
 .text.MX_TIM2_Init
                0x00000000080019f0       0x98 Core/Src/main.o
 .text.MX_DMA_Init
                0x0000000008001a88       0x3c Core/Src/main.o
 .text.MX_GPIO_Init
                0x0000000008001ac4      0x13c Core/Src/main.o
 .text.PetConv_Init
                0x0000000008001c00       0x44 Core/Src/main.o
                0x0000000008001c00                PetConv_Init
 .text.HAL_GPIO_EXTI_Callback
                0x0000000008001c44       0x90 Core/Src/main.o
                0x0000000008001c44                HAL_GPIO_EXTI_Callback
 .text.HAL_TIM_PeriodElapsedCallback
                0x0000000008001cd4       0xcc Core/Src/main.o
                0x0000000008001cd4                HAL_TIM_PeriodElapsedCallback
 .text.Error_Handler
                0x0000000008001da0        0xe Core/Src/main.o
                0x0000000008001da0                Error_Handler
 .text.ControlMotor
                0x0000000008001dae       0x22 Core/Src/motors.o
                0x0000000008001dae                ControlMotor
 .text.ActivarMotor
                0x0000000008001dd0       0x18 Core/Src/motors.o
                0x0000000008001dd0                ActivarMotor
 .text.DesactivarMotor
                0x0000000008001de8       0x18 Core/Src/motors.o
                0x0000000008001de8                DesactivarMotor
 .text.Colector_Init
                0x0000000008001e00       0x20 Core/Src/motors.o
                0x0000000008001e00                Colector_Init
 .text.HAL_MspInit
                0x0000000008001e20       0x64 Core/Src/stm32f1xx_hal_msp.o
                0x0000000008001e20                HAL_MspInit
 .text.HAL_ADC_MspInit
                0x0000000008001e84       0xd0 Core/Src/stm32f1xx_hal_msp.o
                0x0000000008001e84                HAL_ADC_MspInit
 .text.HAL_I2C_MspInit
                0x0000000008001f54       0xa4 Core/Src/stm32f1xx_hal_msp.o
                0x0000000008001f54                HAL_I2C_MspInit
 .text.HAL_TIM_Base_MspInit
                0x0000000008001ff8       0x48 Core/Src/stm32f1xx_hal_msp.o
                0x0000000008001ff8                HAL_TIM_Base_MspInit
 .text.NMI_Handler
                0x0000000008002040        0x6 Core/Src/stm32f1xx_it.o
                0x0000000008002040                NMI_Handler
 .text.HardFault_Handler
                0x0000000008002046        0x6 Core/Src/stm32f1xx_it.o
                0x0000000008002046                HardFault_Handler
 .text.MemManage_Handler
                0x000000000800204c        0x6 Core/Src/stm32f1xx_it.o
                0x000000000800204c                MemManage_Handler
 .text.BusFault_Handler
                0x0000000008002052        0x6 Core/Src/stm32f1xx_it.o
                0x0000000008002052                BusFault_Handler
 .text.UsageFault_Handler
                0x0000000008002058        0x6 Core/Src/stm32f1xx_it.o
                0x0000000008002058                UsageFault_Handler
 .text.SVC_Handler
                0x000000000800205e        0xc Core/Src/stm32f1xx_it.o
                0x000000000800205e                SVC_Handler
 .text.DebugMon_Handler
                0x000000000800206a        0xc Core/Src/stm32f1xx_it.o
                0x000000000800206a                DebugMon_Handler
 .text.PendSV_Handler
                0x0000000008002076        0xc Core/Src/stm32f1xx_it.o
                0x0000000008002076                PendSV_Handler
 .text.SysTick_Handler
                0x0000000008002082        0xc Core/Src/stm32f1xx_it.o
                0x0000000008002082                SysTick_Handler
 .text.EXTI3_IRQHandler
                0x000000000800208e        0xe Core/Src/stm32f1xx_it.o
                0x000000000800208e                EXTI3_IRQHandler
 .text.DMA1_Channel1_IRQHandler
                0x000000000800209c       0x14 Core/Src/stm32f1xx_it.o
                0x000000000800209c                DMA1_Channel1_IRQHandler
 .text.TIM2_IRQHandler
                0x00000000080020b0       0x14 Core/Src/stm32f1xx_it.o
                0x00000000080020b0                TIM2_IRQHandler
 .text.EXTI15_10_IRQHandler
                0x00000000080020c4       0x20 Core/Src/stm32f1xx_it.o
                0x00000000080020c4                EXTI15_10_IRQHandler
 .text._sbrk    0x00000000080020e4       0x6c Core/Src/sysmem.o
                0x00000000080020e4                _sbrk
 .text.SystemInit
                0x0000000008002150        0xc Core/Src/system_stm32f1xx.o
                0x0000000008002150                SystemInit
 .text.Reset_Handler
                0x000000000800215c       0x48 Core/Startup/startup_stm32f103c6tx.o
                0x000000000800215c                Reset_Handler
 .text.Default_Handler
                0x00000000080021a4        0x2 Core/Startup/startup_stm32f103c6tx.o
                0x00000000080021a4                RTC_Alarm_IRQHandler
                0x00000000080021a4                EXTI2_IRQHandler
                0x00000000080021a4                TIM1_CC_IRQHandler
                0x00000000080021a4                PVD_IRQHandler
                0x00000000080021a4                EXTI0_IRQHandler
                0x00000000080021a4                ADC1_2_IRQHandler
                0x00000000080021a4                SPI1_IRQHandler
                0x00000000080021a4                TAMPER_IRQHandler
                0x00000000080021a4                DMA1_Channel4_IRQHandler
                0x00000000080021a4                RTC_IRQHandler
                0x00000000080021a4                DMA1_Channel7_IRQHandler
                0x00000000080021a4                CAN1_RX1_IRQHandler
                0x00000000080021a4                I2C1_EV_IRQHandler
                0x00000000080021a4                DMA1_Channel6_IRQHandler
                0x00000000080021a4                TIM3_IRQHandler
                0x00000000080021a4                RCC_IRQHandler
                0x00000000080021a4                TIM1_TRG_COM_IRQHandler
                0x00000000080021a4                Default_Handler
                0x00000000080021a4                EXTI9_5_IRQHandler
                0x00000000080021a4                DMA1_Channel5_IRQHandler
                0x00000000080021a4                EXTI4_IRQHandler
                0x00000000080021a4                USB_LP_CAN1_RX0_IRQHandler
                0x00000000080021a4                USB_HP_CAN1_TX_IRQHandler
                0x00000000080021a4                DMA1_Channel3_IRQHandler
                0x00000000080021a4                TIM1_UP_IRQHandler
                0x00000000080021a4                WWDG_IRQHandler
                0x00000000080021a4                TIM1_BRK_IRQHandler
                0x00000000080021a4                EXTI1_IRQHandler
                0x00000000080021a4                USART2_IRQHandler
                0x00000000080021a4                DMA1_Channel2_IRQHandler
                0x00000000080021a4                CAN1_SCE_IRQHandler
                0x00000000080021a4                FLASH_IRQHandler
                0x00000000080021a4                USART1_IRQHandler
                0x00000000080021a4                I2C1_ER_IRQHandler
                0x00000000080021a4                USBWakeUp_IRQHandler
 *fill*         0x00000000080021a6        0x2 
 .text.HAL_Init
                0x00000000080021a8       0x2c Drivers/STM32F1xx_HAL_Driver/Src/stm32f1xx_hal.o
                0x00000000080021a8                HAL_Init
 .text.HAL_InitTick
                0x00000000080021d4       0x60 Drivers/STM32F1xx_HAL_Driver/Src/stm32f1xx_hal.o
                0x00000000080021d4                HAL_InitTick
 .text.HAL_IncTick
                0x0000000008002234       0x24 Drivers/STM32F1xx_HAL_Driver/Src/stm32f1xx_hal.o
                0x0000000008002234                HAL_IncTick
 .text.HAL_GetTick
                0x0000000008002258       0x14 Drivers/STM32F1xx_HAL_Driver/Src/stm32f1xx_hal.o
                0x0000000008002258                HAL_GetTick
 .text.HAL_Delay
                0x000000000800226c       0x48 Drivers/STM32F1xx_HAL_Driver/Src/stm32f1xx_hal.o
                0x000000000800226c                HAL_Delay
 .text.HAL_ADC_Init
                0x00000000080022b4      0x1b0 Drivers/STM32F1xx_HAL_Driver/Src/stm32f1xx_hal_adc.o
                0x00000000080022b4                HAL_ADC_Init
 .text.HAL_ADC_Start_DMA
                0x0000000008002464      0x1bc Drivers/STM32F1xx_HAL_Driver/Src/stm32f1xx_hal_adc.o
                0x0000000008002464                HAL_ADC_Start_DMA
 .text.HAL_ADC_ConvCpltCallback
                0x0000000008002620       0x12 Drivers/STM32F1xx_HAL_Driver/Src/stm32f1xx_hal_adc.o
                0x0000000008002620                HAL_ADC_ConvCpltCallback
 .text.HAL_ADC_ConvHalfCpltCallback
                0x0000000008002632       0x12 Drivers/STM32F1xx_HAL_Driver/Src/stm32f1xx_hal_adc.o
                0x0000000008002632                HAL_ADC_ConvHalfCpltCallback
 .text.HAL_ADC_ErrorCallback
                0x0000000008002644       0x12 Drivers/STM32F1xx_HAL_Driver/Src/stm32f1xx_hal_adc.o
                0x0000000008002644                HAL_ADC_ErrorCallback
 *fill*         0x0000000008002656        0x2 
 .text.HAL_ADC_ConfigChannel
                0x0000000008002658      0x1f0 Drivers/STM32F1xx_HAL_Driver/Src/stm32f1xx_hal_adc.o
                0x0000000008002658                HAL_ADC_ConfigChannel
 .text.ADC_Enable
                0x0000000008002848       0xb4 Drivers/STM32F1xx_HAL_Driver/Src/stm32f1xx_hal_adc.o
                0x0000000008002848                ADC_Enable
 .text.ADC_ConversionStop_Disable
                0x00000000080028fc       0x82 Drivers/STM32F1xx_HAL_Driver/Src/stm32f1xx_hal_adc.o
                0x00000000080028fc                ADC_ConversionStop_Disable
 .text.ADC_DMAConvCplt
                0x000000000800297e       0x7c Drivers/STM32F1xx_HAL_Driver/Src/stm32f1xx_hal_adc.o
                0x000000000800297e                ADC_DMAConvCplt
 .text.ADC_DMAHalfConvCplt
                0x00000000080029fa       0x1c Drivers/STM32F1xx_HAL_Driver/Src/stm32f1xx_hal_adc.o
                0x00000000080029fa                ADC_DMAHalfConvCplt
 .text.ADC_DMAError
                0x0000000008002a16       0x34 Drivers/STM32F1xx_HAL_Driver/Src/stm32f1xx_hal_adc.o
                0x0000000008002a16                ADC_DMAError
 *fill*         0x0000000008002a4a        0x2 
 .text.__NVIC_SetPriorityGrouping
                0x0000000008002a4c       0x48 Drivers/STM32F1xx_HAL_Driver/Src/stm32f1xx_hal_cortex.o
 .text.__NVIC_GetPriorityGrouping
                0x0000000008002a94       0x1c Drivers/STM32F1xx_HAL_Driver/Src/stm32f1xx_hal_cortex.o
 .text.__NVIC_EnableIRQ
                0x0000000008002ab0       0x38 Drivers/STM32F1xx_HAL_Driver/Src/stm32f1xx_hal_cortex.o
 .text.__NVIC_SetPriority
                0x0000000008002ae8       0x54 Drivers/STM32F1xx_HAL_Driver/Src/stm32f1xx_hal_cortex.o
 .text.NVIC_EncodePriority
                0x0000000008002b3c       0x64 Drivers/STM32F1xx_HAL_Driver/Src/stm32f1xx_hal_cortex.o
 .text.SysTick_Config
                0x0000000008002ba0       0x44 Drivers/STM32F1xx_HAL_Driver/Src/stm32f1xx_hal_cortex.o
 .text.HAL_NVIC_SetPriorityGrouping
                0x0000000008002be4       0x16 Drivers/STM32F1xx_HAL_Driver/Src/stm32f1xx_hal_cortex.o
                0x0000000008002be4                HAL_NVIC_SetPriorityGrouping
 .text.HAL_NVIC_SetPriority
                0x0000000008002bfa       0x38 Drivers/STM32F1xx_HAL_Driver/Src/stm32f1xx_hal_cortex.o
                0x0000000008002bfa                HAL_NVIC_SetPriority
 .text.HAL_NVIC_EnableIRQ
                0x0000000008002c32       0x1c Drivers/STM32F1xx_HAL_Driver/Src/stm32f1xx_hal_cortex.o
                0x0000000008002c32                HAL_NVIC_EnableIRQ
 .text.HAL_SYSTICK_Config
                0x0000000008002c4e       0x18 Drivers/STM32F1xx_HAL_Driver/Src/stm32f1xx_hal_cortex.o
                0x0000000008002c4e                HAL_SYSTICK_Config
 *fill*         0x0000000008002c66        0x2 
 .text.HAL_DMA_Init
                0x0000000008002c68       0xb4 Drivers/STM32F1xx_HAL_Driver/Src/stm32f1xx_hal_dma.o
                0x0000000008002c68                HAL_DMA_Init
 .text.HAL_DMA_Start_IT
                0x0000000008002d1c       0xbe Drivers/STM32F1xx_HAL_Driver/Src/stm32f1xx_hal_dma.o
                0x0000000008002d1c                HAL_DMA_Start_IT
 *fill*         0x0000000008002dda        0x2 
 .text.HAL_DMA_IRQHandler
                0x0000000008002ddc      0x20c Drivers/STM32F1xx_HAL_Driver/Src/stm32f1xx_hal_dma.o
                0x0000000008002ddc                HAL_DMA_IRQHandler
 .text.DMA_SetConfig
                0x0000000008002fe8       0x5a Drivers/STM32F1xx_HAL_Driver/Src/stm32f1xx_hal_dma.o
 *fill*         0x0000000008003042        0x2 
 .text.HAL_GPIO_Init
                0x0000000008003044      0x2f4 Drivers/STM32F1xx_HAL_Driver/Src/stm32f1xx_hal_gpio.o
                0x0000000008003044                HAL_GPIO_Init
 .text.HAL_GPIO_ReadPin
                0x0000000008003338       0x2e Drivers/STM32F1xx_HAL_Driver/Src/stm32f1xx_hal_gpio.o
                0x0000000008003338                HAL_GPIO_ReadPin
 .text.HAL_GPIO_WritePin
                0x0000000008003366       0x30 Drivers/STM32F1xx_HAL_Driver/Src/stm32f1xx_hal_gpio.o
                0x0000000008003366                HAL_GPIO_WritePin
 .text.HAL_GPIO_TogglePin
                0x0000000008003396       0x32 Drivers/STM32F1xx_HAL_Driver/Src/stm32f1xx_hal_gpio.o
                0x0000000008003396                HAL_GPIO_TogglePin
 .text.HAL_GPIO_EXTI_IRQHandler
                0x00000000080033c8       0x30 Drivers/STM32F1xx_HAL_Driver/Src/stm32f1xx_hal_gpio.o
                0x00000000080033c8                HAL_GPIO_EXTI_IRQHandler
 .text.HAL_I2C_Init
                0x00000000080033f8      0x288 Drivers/STM32F1xx_HAL_Driver/Src/stm32f1xx_hal_i2c.o
                0x00000000080033f8                HAL_I2C_Init
 .text.HAL_I2C_Master_Transmit
                0x0000000008003680      0x1fc Drivers/STM32F1xx_HAL_Driver/Src/stm32f1xx_hal_i2c.o
                0x0000000008003680                HAL_I2C_Master_Transmit
 .text.I2C_MasterRequestWrite
                0x000000000800387c      0x104 Drivers/STM32F1xx_HAL_Driver/Src/stm32f1xx_hal_i2c.o
 .text.I2C_WaitOnFlagUntilTimeout
                0x0000000008003980       0xae Drivers/STM32F1xx_HAL_Driver/Src/stm32f1xx_hal_i2c.o
 .text.I2C_WaitOnMasterAddressFlagUntilTimeout
                0x0000000008003a2e       0xfe Drivers/STM32F1xx_HAL_Driver/Src/stm32f1xx_hal_i2c.o
 .text.I2C_WaitOnTXEFlagUntilTimeout
                0x0000000008003b2c       0x82 Drivers/STM32F1xx_HAL_Driver/Src/stm32f1xx_hal_i2c.o
 .text.I2C_WaitOnBTFFlagUntilTimeout
                0x0000000008003bae       0x82 Drivers/STM32F1xx_HAL_Driver/Src/stm32f1xx_hal_i2c.o
 .text.I2C_IsAcknowledgeFailed
                0x0000000008003c30       0x5c Drivers/STM32F1xx_HAL_Driver/Src/stm32f1xx_hal_i2c.o
 .text.HAL_RCC_OscConfig
                0x0000000008003c8c      0x500 Drivers/STM32F1xx_HAL_Driver/Src/stm32f1xx_hal_rcc.o
                0x0000000008003c8c                HAL_RCC_OscConfig
 .text.HAL_RCC_ClockConfig
                0x000000000800418c      0x1d4 Drivers/STM32F1xx_HAL_Driver/Src/stm32f1xx_hal_rcc.o
                0x000000000800418c                HAL_RCC_ClockConfig
 .text.HAL_RCC_GetSysClockFreq
                0x0000000008004360       0xc0 Drivers/STM32F1xx_HAL_Driver/Src/stm32f1xx_hal_rcc.o
                0x0000000008004360                HAL_RCC_GetSysClockFreq
 .text.HAL_RCC_GetHCLKFreq
                0x0000000008004420       0x14 Drivers/STM32F1xx_HAL_Driver/Src/stm32f1xx_hal_rcc.o
                0x0000000008004420                HAL_RCC_GetHCLKFreq
 .text.HAL_RCC_GetPCLK1Freq
                0x0000000008004434       0x28 Drivers/STM32F1xx_HAL_Driver/Src/stm32f1xx_hal_rcc.o
                0x0000000008004434                HAL_RCC_GetPCLK1Freq
 .text.RCC_Delay
                0x000000000800445c       0x3c Drivers/STM32F1xx_HAL_Driver/Src/stm32f1xx_hal_rcc.o
 .text.HAL_RCCEx_PeriphCLKConfig
                0x0000000008004498      0x16c Drivers/STM32F1xx_HAL_Driver/Src/stm32f1xx_hal_rcc_ex.o
                0x0000000008004498                HAL_RCCEx_PeriphCLKConfig
 .text.HAL_TIM_Base_Init
                0x0000000008004604       0x9e Drivers/STM32F1xx_HAL_Driver/Src/stm32f1xx_hal_tim.o
                0x0000000008004604                HAL_TIM_Base_Init
 *fill*         0x00000000080046a2        0x2 
 .text.HAL_TIM_Base_Start_IT
                0x00000000080046a4       0x98 Drivers/STM32F1xx_HAL_Driver/Src/stm32f1xx_hal_tim.o
                0x00000000080046a4                HAL_TIM_Base_Start_IT
 .text.HAL_TIM_Base_Stop_IT
                0x000000000800473c       0x5c Drivers/STM32F1xx_HAL_Driver/Src/stm32f1xx_hal_tim.o
                0x000000000800473c                HAL_TIM_Base_Stop_IT
 .text.HAL_TIM_IRQHandler
                0x0000000008004798      0x210 Drivers/STM32F1xx_HAL_Driver/Src/stm32f1xx_hal_tim.o
                0x0000000008004798                HAL_TIM_IRQHandler
 .text.HAL_TIM_ConfigClockSource
                0x00000000080049a8      0x188 Drivers/STM32F1xx_HAL_Driver/Src/stm32f1xx_hal_tim.o
                0x00000000080049a8                HAL_TIM_ConfigClockSource
 .text.HAL_TIM_OC_DelayElapsedCallback
                0x0000000008004b30       0x12 Drivers/STM32F1xx_HAL_Driver/Src/stm32f1xx_hal_tim.o
                0x0000000008004b30                HAL_TIM_OC_DelayElapsedCallback
 .text.HAL_TIM_IC_CaptureCallback
                0x0000000008004b42       0x12 Drivers/STM32F1xx_HAL_Driver/Src/stm32f1xx_hal_tim.o
                0x0000000008004b42                HAL_TIM_IC_CaptureCallback
 .text.HAL_TIM_PWM_PulseFinishedCallback
                0x0000000008004b54       0x12 Drivers/STM32F1xx_HAL_Driver/Src/stm32f1xx_hal_tim.o
                0x0000000008004b54                HAL_TIM_PWM_PulseFinishedCallback
 .text.HAL_TIM_TriggerCallback
                0x0000000008004b66       0x12 Drivers/STM32F1xx_HAL_Driver/Src/stm32f1xx_hal_tim.o
                0x0000000008004b66                HAL_TIM_TriggerCallback
 .text.TIM_Base_SetConfig
                0x0000000008004b78       0xb0 Drivers/STM32F1xx_HAL_Driver/Src/stm32f1xx_hal_tim.o
                0x0000000008004b78                TIM_Base_SetConfig
 .text.TIM_TI1_ConfigInputStage
                0x0000000008004c28       0x5c Drivers/STM32F1xx_HAL_Driver/Src/stm32f1xx_hal_tim.o
 .text.TIM_TI2_ConfigInputStage
                0x0000000008004c84       0x5e Drivers/STM32F1xx_HAL_Driver/Src/stm32f1xx_hal_tim.o
 .text.TIM_ITRx_SetConfig
                0x0000000008004ce2       0x34 Drivers/STM32F1xx_HAL_Driver/Src/stm32f1xx_hal_tim.o
 .text.TIM_ETR_SetConfig
                0x0000000008004d16       0x3e Drivers/STM32F1xx_HAL_Driver/Src/stm32f1xx_hal_tim.o
                0x0000000008004d16                TIM_ETR_SetConfig
 .text.HAL_TIMEx_MasterConfigSynchronization
                0x0000000008004d54       0xb0 Drivers/STM32F1xx_HAL_Driver/Src/stm32f1xx_hal_tim_ex.o
                0x0000000008004d54                HAL_TIMEx_MasterConfigSynchronization
 .text.HAL_TIMEx_CommutCallback
                0x0000000008004e04       0x12 Drivers/STM32F1xx_HAL_Driver/Src/stm32f1xx_hal_tim_ex.o
                0x0000000008004e04                HAL_TIMEx_CommutCallback
 .text.HAL_TIMEx_BreakCallback
                0x0000000008004e16       0x12 Drivers/STM32F1xx_HAL_Driver/Src/stm32f1xx_hal_tim_ex.o
                0x0000000008004e16                HAL_TIMEx_BreakCallback
 .text.__errno  0x0000000008004e28        0xc c:/st/stm32cubeide_1.6.0/stm32cubeide/plugins/com.st.stm32cube.ide.mcu.externaltools.gnu-tools-for-stm32.9-2020-q2-update.win32_1.5.0.202011040924/tools/bin/../lib/gcc/arm-none-eabi/9.3.1/../../../../arm-none-eabi/lib/thumb/v7-m/nofp\libc_nano.a(lib_a-errno.o)
                0x0000000008004e28                __errno
 .text.__libc_init_array
                0x0000000008004e34       0x48 c:/st/stm32cubeide_1.6.0/stm32cubeide/plugins/com.st.stm32cube.ide.mcu.externaltools.gnu-tools-for-stm32.9-2020-q2-update.win32_1.5.0.202011040924/tools/bin/../lib/gcc/arm-none-eabi/9.3.1/../../../../arm-none-eabi/lib/thumb/v7-m/nofp\libc_nano.a(lib_a-init.o)
                0x0000000008004e34                __libc_init_array
 .text.memset   0x0000000008004e7c       0x10 c:/st/stm32cubeide_1.6.0/stm32cubeide/plugins/com.st.stm32cube.ide.mcu.externaltools.gnu-tools-for-stm32.9-2020-q2-update.win32_1.5.0.202011040924/tools/bin/../lib/gcc/arm-none-eabi/9.3.1/../../../../arm-none-eabi/lib/thumb/v7-m/nofp\libc_nano.a(lib_a-memset.o)
                0x0000000008004e7c                memset
 .text.sprintf  0x0000000008004e8c       0x40 c:/st/stm32cubeide_1.6.0/stm32cubeide/plugins/com.st.stm32cube.ide.mcu.externaltools.gnu-tools-for-stm32.9-2020-q2-update.win32_1.5.0.202011040924/tools/bin/../lib/gcc/arm-none-eabi/9.3.1/../../../../arm-none-eabi/lib/thumb/v7-m/nofp\libc_nano.a(lib_a-sprintf.o)
                0x0000000008004e8c                siprintf
                0x0000000008004e8c                sprintf
 .text.__ssputs_r
                0x0000000008004ecc       0xb6 c:/st/stm32cubeide_1.6.0/stm32cubeide/plugins/com.st.stm32cube.ide.mcu.externaltools.gnu-tools-for-stm32.9-2020-q2-update.win32_1.5.0.202011040924/tools/bin/../lib/gcc/arm-none-eabi/9.3.1/../../../../arm-none-eabi/lib/thumb/v7-m/nofp\libc_nano.a(lib_a-nano-svfprintf.o)
                0x0000000008004ecc                __ssputs_r
 *fill*         0x0000000008004f82        0x2 
 .text._svfprintf_r
                0x0000000008004f84      0x200 c:/st/stm32cubeide_1.6.0/stm32cubeide/plugins/com.st.stm32cube.ide.mcu.externaltools.gnu-tools-for-stm32.9-2020-q2-update.win32_1.5.0.202011040924/tools/bin/../lib/gcc/arm-none-eabi/9.3.1/../../../../arm-none-eabi/lib/thumb/v7-m/nofp\libc_nano.a(lib_a-nano-svfprintf.o)
                0x0000000008004f84                _svfiprintf_r
                0x0000000008004f84                _svfprintf_r
 .text._printf_common
                0x0000000008005184       0xde c:/st/stm32cubeide_1.6.0/stm32cubeide/plugins/com.st.stm32cube.ide.mcu.externaltools.gnu-tools-for-stm32.9-2020-q2-update.win32_1.5.0.202011040924/tools/bin/../lib/gcc/arm-none-eabi/9.3.1/../../../../arm-none-eabi/lib/thumb/v7-m/nofp\libc_nano.a(lib_a-nano-vfprintf_i.o)
                0x0000000008005184                _printf_common
 *fill*         0x0000000008005262        0x2 
 .text._printf_i
                0x0000000008005264      0x24c c:/st/stm32cubeide_1.6.0/stm32cubeide/plugins/com.st.stm32cube.ide.mcu.externaltools.gnu-tools-for-stm32.9-2020-q2-update.win32_1.5.0.202011040924/tools/bin/../lib/gcc/arm-none-eabi/9.3.1/../../../../arm-none-eabi/lib/thumb/v7-m/nofp\libc_nano.a(lib_a-nano-vfprintf_i.o)
                0x0000000008005264                _printf_i
 .text.memchr   0x00000000080054b0       0x1c c:/st/stm32cubeide_1.6.0/stm32cubeide/plugins/com.st.stm32cube.ide.mcu.externaltools.gnu-tools-for-stm32.9-2020-q2-update.win32_1.5.0.202011040924/tools/bin/../lib/gcc/arm-none-eabi/9.3.1/../../../../arm-none-eabi/lib/thumb/v7-m/nofp\libc_nano.a(lib_a-memchr-stub.o)
                0x00000000080054b0                memchr
 .text.memcpy   0x00000000080054cc       0x1c c:/st/stm32cubeide_1.6.0/stm32cubeide/plugins/com.st.stm32cube.ide.mcu.externaltools.gnu-tools-for-stm32.9-2020-q2-update.win32_1.5.0.202011040924/tools/bin/../lib/gcc/arm-none-eabi/9.3.1/../../../../arm-none-eabi/lib/thumb/v7-m/nofp\libc_nano.a(lib_a-memcpy-stub.o)
                0x00000000080054cc                memcpy
 .text.memmove  0x00000000080054e8       0x34 c:/st/stm32cubeide_1.6.0/stm32cubeide/plugins/com.st.stm32cube.ide.mcu.externaltools.gnu-tools-for-stm32.9-2020-q2-update.win32_1.5.0.202011040924/tools/bin/../lib/gcc/arm-none-eabi/9.3.1/../../../../arm-none-eabi/lib/thumb/v7-m/nofp\libc_nano.a(lib_a-memmove.o)
                0x00000000080054e8                memmove
 .text._free_r  0x000000000800551c       0x98 c:/st/stm32cubeide_1.6.0/stm32cubeide/plugins/com.st.stm32cube.ide.mcu.externaltools.gnu-tools-for-stm32.9-2020-q2-update.win32_1.5.0.202011040924/tools/bin/../lib/gcc/arm-none-eabi/9.3.1/../../../../arm-none-eabi/lib/thumb/v7-m/nofp\libc_nano.a(lib_a-nano-freer.o)
                0x000000000800551c                _free_r
 .text._malloc_r
                0x00000000080055b4       0xb4 c:/st/stm32cubeide_1.6.0/stm32cubeide/plugins/com.st.stm32cube.ide.mcu.externaltools.gnu-tools-for-stm32.9-2020-q2-update.win32_1.5.0.202011040924/tools/bin/../lib/gcc/arm-none-eabi/9.3.1/../../../../arm-none-eabi/lib/thumb/v7-m/nofp\libc_nano.a(lib_a-nano-mallocr.o)
                0x00000000080055b4                _malloc_r
 .text._realloc_r
                0x0000000008005668       0x4c c:/st/stm32cubeide_1.6.0/stm32cubeide/plugins/com.st.stm32cube.ide.mcu.externaltools.gnu-tools-for-stm32.9-2020-q2-update.win32_1.5.0.202011040924/tools/bin/../lib/gcc/arm-none-eabi/9.3.1/../../../../arm-none-eabi/lib/thumb/v7-m/nofp\libc_nano.a(lib_a-nano-reallocr.o)
                0x0000000008005668                _realloc_r
 .text._sbrk_r  0x00000000080056b4       0x20 c:/st/stm32cubeide_1.6.0/stm32cubeide/plugins/com.st.stm32cube.ide.mcu.externaltools.gnu-tools-for-stm32.9-2020-q2-update.win32_1.5.0.202011040924/tools/bin/../lib/gcc/arm-none-eabi/9.3.1/../../../../arm-none-eabi/lib/thumb/v7-m/nofp\libc_nano.a(lib_a-sbrkr.o)
                0x00000000080056b4                _sbrk_r
 .text.__malloc_lock
                0x00000000080056d4        0xc c:/st/stm32cubeide_1.6.0/stm32cubeide/plugins/com.st.stm32cube.ide.mcu.externaltools.gnu-tools-for-stm32.9-2020-q2-update.win32_1.5.0.202011040924/tools/bin/../lib/gcc/arm-none-eabi/9.3.1/../../../../arm-none-eabi/lib/thumb/v7-m/nofp\libc_nano.a(lib_a-mlock.o)
                0x00000000080056d4                __malloc_lock
 .text.__malloc_unlock
                0x00000000080056e0        0xc c:/st/stm32cubeide_1.6.0/stm32cubeide/plugins/com.st.stm32cube.ide.mcu.externaltools.gnu-tools-for-stm32.9-2020-q2-update.win32_1.5.0.202011040924/tools/bin/../lib/gcc/arm-none-eabi/9.3.1/../../../../arm-none-eabi/lib/thumb/v7-m/nofp\libc_nano.a(lib_a-mlock.o)
                0x00000000080056e0                __malloc_unlock
 .text._malloc_usable_size_r
                0x00000000080056ec       0x10 c:/st/stm32cubeide_1.6.0/stm32cubeide/plugins/com.st.stm32cube.ide.mcu.externaltools.gnu-tools-for-stm32.9-2020-q2-update.win32_1.5.0.202011040924/tools/bin/../lib/gcc/arm-none-eabi/9.3.1/../../../../arm-none-eabi/lib/thumb/v7-m/nofp\libc_nano.a(lib_a-nano-msizer.o)
                0x00000000080056ec                _malloc_usable_size_r
 .text.__retarget_lock_acquire_recursive
                0x00000000080056fc        0x2 c:/st/stm32cubeide_1.6.0/stm32cubeide/plugins/com.st.stm32cube.ide.mcu.externaltools.gnu-tools-for-stm32.9-2020-q2-update.win32_1.5.0.202011040924/tools/bin/../lib/gcc/arm-none-eabi/9.3.1/../../../../arm-none-eabi/lib/thumb/v7-m/nofp\libc_nano.a(lib_a-lock.o)
                0x00000000080056fc                __retarget_lock_acquire_recursive
 .text.__retarget_lock_release_recursive
                0x00000000080056fe        0x2 c:/st/stm32cubeide_1.6.0/stm32cubeide/plugins/com.st.stm32cube.ide.mcu.externaltools.gnu-tools-for-stm32.9-2020-q2-update.win32_1.5.0.202011040924/tools/bin/../lib/gcc/arm-none-eabi/9.3.1/../../../../arm-none-eabi/lib/thumb/v7-m/nofp\libc_nano.a(lib_a-lock.o)
                0x00000000080056fe                __retarget_lock_release_recursive
 *(.glue_7)
 .glue_7        0x0000000008005700        0x0 linker stubs
 *(.glue_7t)
 .glue_7t       0x0000000008005700        0x0 linker stubs
 *(.eh_frame)
 .eh_frame      0x0000000008005700        0x0 c:/st/stm32cubeide_1.6.0/stm32cubeide/plugins/com.st.stm32cube.ide.mcu.externaltools.gnu-tools-for-stm32.9-2020-q2-update.win32_1.5.0.202011040924/tools/bin/../lib/gcc/arm-none-eabi/9.3.1/thumb/v7-m/nofp/crtbegin.o
 *(.init)
 .init          0x0000000008005700        0x4 c:/st/stm32cubeide_1.6.0/stm32cubeide/plugins/com.st.stm32cube.ide.mcu.externaltools.gnu-tools-for-stm32.9-2020-q2-update.win32_1.5.0.202011040924/tools/bin/../lib/gcc/arm-none-eabi/9.3.1/thumb/v7-m/nofp/crti.o
                0x0000000008005700                _init
 .init          0x0000000008005704        0x8 c:/st/stm32cubeide_1.6.0/stm32cubeide/plugins/com.st.stm32cube.ide.mcu.externaltools.gnu-tools-for-stm32.9-2020-q2-update.win32_1.5.0.202011040924/tools/bin/../lib/gcc/arm-none-eabi/9.3.1/thumb/v7-m/nofp/crtn.o
 *(.fini)
 .fini          0x000000000800570c        0x4 c:/st/stm32cubeide_1.6.0/stm32cubeide/plugins/com.st.stm32cube.ide.mcu.externaltools.gnu-tools-for-stm32.9-2020-q2-update.win32_1.5.0.202011040924/tools/bin/../lib/gcc/arm-none-eabi/9.3.1/thumb/v7-m/nofp/crti.o
                0x000000000800570c                _fini
 .fini          0x0000000008005710        0x8 c:/st/stm32cubeide_1.6.0/stm32cubeide/plugins/com.st.stm32cube.ide.mcu.externaltools.gnu-tools-for-stm32.9-2020-q2-update.win32_1.5.0.202011040924/tools/bin/../lib/gcc/arm-none-eabi/9.3.1/thumb/v7-m/nofp/crtn.o
                0x0000000008005718                . = ALIGN (0x4)
                0x0000000008005718                _etext = .

.vfp11_veneer   0x0000000008005718        0x0
 .vfp11_veneer  0x0000000008005718        0x0 linker stubs

.v4_bx          0x0000000008005718        0x0
 .v4_bx         0x0000000008005718        0x0 linker stubs

.iplt           0x0000000008005718        0x0
 .iplt          0x0000000008005718        0x0 c:/st/stm32cubeide_1.6.0/stm32cubeide/plugins/com.st.stm32cube.ide.mcu.externaltools.gnu-tools-for-stm32.9-2020-q2-update.win32_1.5.0.202011040924/tools/bin/../lib/gcc/arm-none-eabi/9.3.1/thumb/v7-m/nofp/crtbegin.o

.rodata         0x0000000008005718      0x438
                0x0000000008005718                . = ALIGN (0x4)
 *(.rodata)
 .rodata        0x0000000008005718        0x6 Core/Src/gui.o
 *fill*         0x000000000800571e        0x2 
 .rodata        0x0000000008005720      0x2fb Core/Src/lcd.o
 *fill*         0x0000000008005a1b        0x1 
 .rodata        0x0000000008005a1c       0x10 Drivers/STM32F1xx_HAL_Driver/Src/stm32f1xx_hal_rcc.o
 *(.rodata*)
 .rodata.tempNTC100K
                0x0000000008005a2c       0xc8 Core/Src/controlTemp.o
 .rodata.reg_lines
                0x0000000008005af4       0x10 Core/Src/lcd.o
 .rodata.AHBPrescTable
                0x0000000008005b04       0x10 Core/Src/system_stm32f1xx.o
                0x0000000008005b04                AHBPrescTable
 .rodata.APBPrescTable
                0x0000000008005b14        0x8 Core/Src/system_stm32f1xx.o
                0x0000000008005b14                APBPrescTable
 .rodata._svfprintf_r.str1.1
                0x0000000008005b1c       0x11 c:/st/stm32cubeide_1.6.0/stm32cubeide/plugins/com.st.stm32cube.ide.mcu.externaltools.gnu-tools-for-stm32.9-2020-q2-update.win32_1.5.0.202011040924/tools/bin/../lib/gcc/arm-none-eabi/9.3.1/../../../../arm-none-eabi/lib/thumb/v7-m/nofp\libc_nano.a(lib_a-nano-svfprintf.o)
 .rodata._printf_i.str1.1
                0x0000000008005b2d       0x22 c:/st/stm32cubeide_1.6.0/stm32cubeide/plugins/com.st.stm32cube.ide.mcu.externaltools.gnu-tools-for-stm32.9-2020-q2-update.win32_1.5.0.202011040924/tools/bin/../lib/gcc/arm-none-eabi/9.3.1/../../../../arm-none-eabi/lib/thumb/v7-m/nofp\libc_nano.a(lib_a-nano-vfprintf_i.o)
                0x0000000008005b50                . = ALIGN (0x4)
 *fill*         0x0000000008005b4f        0x1 

.rel.dyn        0x0000000008005b50        0x0
 .rel.iplt      0x0000000008005b50        0x0 c:/st/stm32cubeide_1.6.0/stm32cubeide/plugins/com.st.stm32cube.ide.mcu.externaltools.gnu-tools-for-stm32.9-2020-q2-update.win32_1.5.0.202011040924/tools/bin/../lib/gcc/arm-none-eabi/9.3.1/thumb/v7-m/nofp/crtbegin.o

.ARM.extab      0x0000000008005b50        0x0
                0x0000000008005b50                . = ALIGN (0x4)
 *(.ARM.extab* .gnu.linkonce.armextab.*)
                0x0000000008005b50                . = ALIGN (0x4)

.ARM            0x0000000008005b50        0x0
                0x0000000008005b50                . = ALIGN (0x4)
                0x0000000008005b50                __exidx_start = .
 *(.ARM.exidx*)
                0x0000000008005b50                __exidx_end = .
                0x0000000008005b50                . = ALIGN (0x4)

.preinit_array  0x0000000008005b50        0x0
                0x0000000008005b50                . = ALIGN (0x4)
                0x0000000008005b50                PROVIDE (__preinit_array_start = .)
 *(.preinit_array*)
                0x0000000008005b50                PROVIDE (__preinit_array_end = .)
                0x0000000008005b50                . = ALIGN (0x4)

.init_array     0x0000000008005b50        0x4
                0x0000000008005b50                . = ALIGN (0x4)
                0x0000000008005b50                PROVIDE (__init_array_start = .)
 *(SORT_BY_NAME(.init_array.*))
 *(.init_array*)
 .init_array    0x0000000008005b50        0x4 c:/st/stm32cubeide_1.6.0/stm32cubeide/plugins/com.st.stm32cube.ide.mcu.externaltools.gnu-tools-for-stm32.9-2020-q2-update.win32_1.5.0.202011040924/tools/bin/../lib/gcc/arm-none-eabi/9.3.1/thumb/v7-m/nofp/crtbegin.o
                0x0000000008005b54                PROVIDE (__init_array_end = .)
                0x0000000008005b54                . = ALIGN (0x4)

.fini_array     0x0000000008005b54        0x4
                0x0000000008005b54                . = ALIGN (0x4)
                [!provide]                        PROVIDE (__fini_array_start = .)
 *(SORT_BY_NAME(.fini_array.*))
 *(.fini_array*)
 .fini_array    0x0000000008005b54        0x4 c:/st/stm32cubeide_1.6.0/stm32cubeide/plugins/com.st.stm32cube.ide.mcu.externaltools.gnu-tools-for-stm32.9-2020-q2-update.win32_1.5.0.202011040924/tools/bin/../lib/gcc/arm-none-eabi/9.3.1/thumb/v7-m/nofp/crtbegin.o
                [!provide]                        PROVIDE (__fini_array_end = .)
                0x0000000008005b58                . = ALIGN (0x4)
                0x0000000008005b58                _sidata = LOADADDR (.data)

.data           0x0000000020000000      0x130 load address 0x0000000008005b58
                0x0000000020000000                . = ALIGN (0x4)
                0x0000000020000000                _sdata = .
 *(.data)
 *(.data*)
 .data.factor_cor2.7952
                0x0000000020000000        0x4 Core/Src/controlTemp.o
 .data.cursor   0x0000000020000004        0x4 Core/Src/lcd.o
 .data.char_vacio
                0x0000000020000008        0x4 Core/Src/lcd.o
 .data.screenStart
                0x000000002000000c       0x10 Core/Src/lcd.o
 .data.prinMenu1
                0x000000002000001c       0x10 Core/Src/lcd.o
 .data.prinMenu2
                0x000000002000002c       0x10 Core/Src/lcd.o
 .data.subMenuExtrusores
                0x000000002000003c       0x10 Core/Src/lcd.o
 .data.subMenuColectores
                0x000000002000004c       0x10 Core/Src/lcd.o
 .data.subMenuAlarmas
                0x000000002000005c       0x10 Core/Src/lcd.o
 .data.subMenuHistorial
                0x000000002000006c       0x10 Core/Src/lcd.o
 .data.subMenuAcercaDe1
                0x000000002000007c       0x10 Core/Src/lcd.o
 .data.subMenuAcercaDe2
                0x000000002000008c       0x10 Core/Src/lcd.o
 .data.subMenuSelVelocidadColec
                0x000000002000009c       0x10 Core/Src/lcd.o
 .data.subMenuSelTemp
                0x00000000200000ac       0x10 Core/Src/lcd.o
 .data.g_btnPressed
                0x00000000200000bc        0x4 Core/Src/main.o
                0x00000000200000bc                g_btnPressed
 .data.SystemCoreClock
                0x00000000200000c0        0x4 Core/Src/system_stm32f1xx.o
                0x00000000200000c0                SystemCoreClock
 .data.uwTickPrio
                0x00000000200000c4        0x4 Drivers/STM32F1xx_HAL_Driver/Src/stm32f1xx_hal.o
                0x00000000200000c4                uwTickPrio
 .data.uwTickFreq
                0x00000000200000c8        0x1 Drivers/STM32F1xx_HAL_Driver/Src/stm32f1xx_hal.o
                0x00000000200000c8                uwTickFreq
 *fill*         0x00000000200000c9        0x3 
 .data._impure_ptr
                0x00000000200000cc        0x4 c:/st/stm32cubeide_1.6.0/stm32cubeide/plugins/com.st.stm32cube.ide.mcu.externaltools.gnu-tools-for-stm32.9-2020-q2-update.win32_1.5.0.202011040924/tools/bin/../lib/gcc/arm-none-eabi/9.3.1/../../../../arm-none-eabi/lib/thumb/v7-m/nofp\libc_nano.a(lib_a-impure.o)
                0x00000000200000cc                _impure_ptr
 .data.impure_data
                0x00000000200000d0       0x60 c:/st/stm32cubeide_1.6.0/stm32cubeide/plugins/com.st.stm32cube.ide.mcu.externaltools.gnu-tools-for-stm32.9-2020-q2-update.win32_1.5.0.202011040924/tools/bin/../lib/gcc/arm-none-eabi/9.3.1/../../../../arm-none-eabi/lib/thumb/v7-m/nofp\libc_nano.a(lib_a-impure.o)
 *(.RamFunc)
 *(.RamFunc*)
                0x0000000020000130                . = ALIGN (0x4)
                0x0000000020000130                _edata = .

.igot.plt       0x0000000020000130        0x0 load address 0x0000000008005c88
 .igot.plt      0x0000000020000130        0x0 c:/st/stm32cubeide_1.6.0/stm32cubeide/plugins/com.st.stm32cube.ide.mcu.externaltools.gnu-tools-for-stm32.9-2020-q2-update.win32_1.5.0.202011040924/tools/bin/../lib/gcc/arm-none-eabi/9.3.1/thumb/v7-m/nofp/crtbegin.o
                0x0000000020000130                . = ALIGN (0x4)

.bss            0x0000000020000130      0x1a4 load address 0x0000000008005c88
                0x0000000020000130                _sbss = .
                0x0000000020000130                __bss_start__ = _sbss
 *(.bss)
 .bss           0x0000000020000130       0x1c c:/st/stm32cubeide_1.6.0/stm32cubeide/plugins/com.st.stm32cube.ide.mcu.externaltools.gnu-tools-for-stm32.9-2020-q2-update.win32_1.5.0.202011040924/tools/bin/../lib/gcc/arm-none-eabi/9.3.1/thumb/v7-m/nofp/crtbegin.o
 *(.bss*)
 .bss.Temp_C.7953
                0x000000002000014c        0x4 Core/Src/controlTemp.o
 .bss.previousTemp.7966
                0x0000000020000150        0x4 Core/Src/controlTemp.o
 .bss.previousScreen.7997
                0x0000000020000154        0x4 Core/Src/lcd.o
 .bss.g_velocidad_Col1
                0x0000000020000158        0x4 Core/Src/main.o
                0x0000000020000158                g_velocidad_Col1
 .bss.g_alarmFil
                0x000000002000015c        0x1 Core/Src/main.o
                0x000000002000015c                g_alarmFil
 *fill*         0x000000002000015d        0x3 
 .bss.PETfilConv1.7974
                0x0000000020000160       0x14 Core/Src/main.o
 .bss.indexes.7975
                0x0000000020000174       0x20 Core/Src/main.o
 .bss.currentScreen.7973
                0x0000000020000194        0x4 Core/Src/main.o
 .bss.previousTick.7971
                0x0000000020000198        0x4 Core/Src/main.o
 .bss.previousTick.8013
                0x000000002000019c        0x4 Core/Src/main.o
 .bss.previousVel_Col1.8018
                0x00000000200001a0        0x1 Core/Src/main.o
 *fill*         0x00000000200001a1        0x3 
 .bss.__sbrk_heap_end
                0x00000000200001a4        0x4 Core/Src/sysmem.o
 .bss.__malloc_free_list
                0x00000000200001a8        0x4 c:/st/stm32cubeide_1.6.0/stm32cubeide/plugins/com.st.stm32cube.ide.mcu.externaltools.gnu-tools-for-stm32.9-2020-q2-update.win32_1.5.0.202011040924/tools/bin/../lib/gcc/arm-none-eabi/9.3.1/../../../../arm-none-eabi/lib/thumb/v7-m/nofp\libc_nano.a(lib_a-nano-mallocr.o)
                0x00000000200001a8                __malloc_free_list
 .bss.__malloc_sbrk_start
                0x00000000200001ac        0x4 c:/st/stm32cubeide_1.6.0/stm32cubeide/plugins/com.st.stm32cube.ide.mcu.externaltools.gnu-tools-for-stm32.9-2020-q2-update.win32_1.5.0.202011040924/tools/bin/../lib/gcc/arm-none-eabi/9.3.1/../../../../arm-none-eabi/lib/thumb/v7-m/nofp\libc_nano.a(lib_a-nano-mallocr.o)
                0x00000000200001ac                __malloc_sbrk_start
 *(COMMON)
 COMMON         0x00000000200001b0      0x110 Core/Src/main.o
                0x00000000200001b0                hi2c1
                0x0000000020000204                hadc1
                0x0000000020000234                hdma_adc1
                0x0000000020000278                htim2
 COMMON         0x00000000200002c0        0x4 Drivers/STM32F1xx_HAL_Driver/Src/stm32f1xx_hal.o
                0x00000000200002c0                uwTick
 COMMON         0x00000000200002c4        0x4 c:/st/stm32cubeide_1.6.0/stm32cubeide/plugins/com.st.stm32cube.ide.mcu.externaltools.gnu-tools-for-stm32.9-2020-q2-update.win32_1.5.0.202011040924/tools/bin/../lib/gcc/arm-none-eabi/9.3.1/../../../../arm-none-eabi/lib/thumb/v7-m/nofp\libc_nano.a(lib_a-reent.o)
                0x00000000200002c4                errno
 COMMON         0x00000000200002c8        0x9 c:/st/stm32cubeide_1.6.0/stm32cubeide/plugins/com.st.stm32cube.ide.mcu.externaltools.gnu-tools-for-stm32.9-2020-q2-update.win32_1.5.0.202011040924/tools/bin/../lib/gcc/arm-none-eabi/9.3.1/../../../../arm-none-eabi/lib/thumb/v7-m/nofp\libc_nano.a(lib_a-lock.o)
                0x00000000200002c8                __lock___atexit_recursive_mutex
                0x00000000200002c9                __lock___arc4random_mutex
                0x00000000200002ca                __lock___env_recursive_mutex
                0x00000000200002cb                __lock___sinit_recursive_mutex
                0x00000000200002cc                __lock___malloc_recursive_mutex
                0x00000000200002cd                __lock___at_quick_exit_mutex
                0x00000000200002ce                __lock___dd_hash_mutex
                0x00000000200002cf                __lock___tz_mutex
                0x00000000200002d0                __lock___sfp_recursive_mutex
                0x00000000200002d4                . = ALIGN (0x4)
 *fill*         0x00000000200002d1        0x3 
                0x00000000200002d4                _ebss = .
                0x00000000200002d4                __bss_end__ = _ebss

._user_heap_stack
                0x00000000200002d4      0x604 load address 0x0000000008005c88
                0x00000000200002d8                . = ALIGN (0x8)
 *fill*         0x00000000200002d4        0x4 
                [!provide]                        PROVIDE (end = .)
                0x00000000200002d8                PROVIDE (_end = .)
                0x00000000200004d8                . = (. + _Min_Heap_Size)
 *fill*         0x00000000200002d8      0x200 
                0x00000000200008d8                . = (. + _Min_Stack_Size)
 *fill*         0x00000000200004d8      0x400 
                0x00000000200008d8                . = ALIGN (0x8)

/DISCARD/
 libc.a(*)
 libm.a(*)
 libgcc.a(*)

.ARM.attributes
                0x0000000000000000       0x29
 *(.ARM.attributes)
 .ARM.attributes
                0x0000000000000000       0x1d c:/st/stm32cubeide_1.6.0/stm32cubeide/plugins/com.st.stm32cube.ide.mcu.externaltools.gnu-tools-for-stm32.9-2020-q2-update.win32_1.5.0.202011040924/tools/bin/../lib/gcc/arm-none-eabi/9.3.1/thumb/v7-m/nofp/crti.o
 .ARM.attributes
                0x000000000000001d       0x2d c:/st/stm32cubeide_1.6.0/stm32cubeide/plugins/com.st.stm32cube.ide.mcu.externaltools.gnu-tools-for-stm32.9-2020-q2-update.win32_1.5.0.202011040924/tools/bin/../lib/gcc/arm-none-eabi/9.3.1/thumb/v7-m/nofp/crtbegin.o
 .ARM.attributes
                0x000000000000004a       0x2d Core/Src/alarms.o
 .ARM.attributes
                0x0000000000000077       0x2d Core/Src/controlTemp.o
 .ARM.attributes
                0x00000000000000a4       0x2d Core/Src/gui.o
 .ARM.attributes
                0x00000000000000d1       0x2d Core/Src/lcd.o
 .ARM.attributes
                0x00000000000000fe       0x2d Core/Src/main.o
 .ARM.attributes
                0x000000000000012b       0x2d Core/Src/motors.o
 .ARM.attributes
                0x0000000000000158       0x2d Core/Src/stm32f1xx_hal_msp.o
 .ARM.attributes
                0x0000000000000185       0x2d Core/Src/stm32f1xx_it.o
 .ARM.attributes
                0x00000000000001b2       0x2d Core/Src/sysmem.o
 .ARM.attributes
                0x00000000000001df       0x2d Core/Src/system_stm32f1xx.o
 .ARM.attributes
                0x000000000000020c       0x21 Core/Startup/startup_stm32f103c6tx.o
 .ARM.attributes
                0x000000000000022d       0x2d Drivers/STM32F1xx_HAL_Driver/Src/stm32f1xx_hal.o
 .ARM.attributes
                0x000000000000025a       0x2d Drivers/STM32F1xx_HAL_Driver/Src/stm32f1xx_hal_adc.o
 .ARM.attributes
                0x0000000000000287       0x2d Drivers/STM32F1xx_HAL_Driver/Src/stm32f1xx_hal_cortex.o
 .ARM.attributes
                0x00000000000002b4       0x2d Drivers/STM32F1xx_HAL_Driver/Src/stm32f1xx_hal_dma.o
 .ARM.attributes
                0x00000000000002e1       0x2d Drivers/STM32F1xx_HAL_Driver/Src/stm32f1xx_hal_gpio.o
 .ARM.attributes
                0x000000000000030e       0x2d Drivers/STM32F1xx_HAL_Driver/Src/stm32f1xx_hal_i2c.o
 .ARM.attributes
                0x000000000000033b       0x2d Drivers/STM32F1xx_HAL_Driver/Src/stm32f1xx_hal_rcc.o
 .ARM.attributes
                0x0000000000000368       0x2d Drivers/STM32F1xx_HAL_Driver/Src/stm32f1xx_hal_rcc_ex.o
 .ARM.attributes
                0x0000000000000395       0x2d Drivers/STM32F1xx_HAL_Driver/Src/stm32f1xx_hal_tim.o
 .ARM.attributes
                0x00000000000003c2       0x2d Drivers/STM32F1xx_HAL_Driver/Src/stm32f1xx_hal_tim_ex.o
 .ARM.attributes
                0x00000000000003ef       0x2d c:/st/stm32cubeide_1.6.0/stm32cubeide/plugins/com.st.stm32cube.ide.mcu.externaltools.gnu-tools-for-stm32.9-2020-q2-update.win32_1.5.0.202011040924/tools/bin/../lib/gcc/arm-none-eabi/9.3.1/../../../../arm-none-eabi/lib/thumb/v7-m/nofp\libc_nano.a(lib_a-errno.o)
 .ARM.attributes
                0x000000000000041c       0x2d c:/st/stm32cubeide_1.6.0/stm32cubeide/plugins/com.st.stm32cube.ide.mcu.externaltools.gnu-tools-for-stm32.9-2020-q2-update.win32_1.5.0.202011040924/tools/bin/../lib/gcc/arm-none-eabi/9.3.1/../../../../arm-none-eabi/lib/thumb/v7-m/nofp\libc_nano.a(lib_a-impure.o)
 .ARM.attributes
                0x0000000000000449       0x2d c:/st/stm32cubeide_1.6.0/stm32cubeide/plugins/com.st.stm32cube.ide.mcu.externaltools.gnu-tools-for-stm32.9-2020-q2-update.win32_1.5.0.202011040924/tools/bin/../lib/gcc/arm-none-eabi/9.3.1/../../../../arm-none-eabi/lib/thumb/v7-m/nofp\libc_nano.a(lib_a-init.o)
 .ARM.attributes
                0x0000000000000476       0x2d c:/st/stm32cubeide_1.6.0/stm32cubeide/plugins/com.st.stm32cube.ide.mcu.externaltools.gnu-tools-for-stm32.9-2020-q2-update.win32_1.5.0.202011040924/tools/bin/../lib/gcc/arm-none-eabi/9.3.1/../../../../arm-none-eabi/lib/thumb/v7-m/nofp\libc_nano.a(lib_a-memset.o)
 .ARM.attributes
                0x00000000000004a3       0x2d c:/st/stm32cubeide_1.6.0/stm32cubeide/plugins/com.st.stm32cube.ide.mcu.externaltools.gnu-tools-for-stm32.9-2020-q2-update.win32_1.5.0.202011040924/tools/bin/../lib/gcc/arm-none-eabi/9.3.1/../../../../arm-none-eabi/lib/thumb/v7-m/nofp\libc_nano.a(lib_a-sprintf.o)
 .ARM.attributes
                0x00000000000004d0       0x2d c:/st/stm32cubeide_1.6.0/stm32cubeide/plugins/com.st.stm32cube.ide.mcu.externaltools.gnu-tools-for-stm32.9-2020-q2-update.win32_1.5.0.202011040924/tools/bin/../lib/gcc/arm-none-eabi/9.3.1/../../../../arm-none-eabi/lib/thumb/v7-m/nofp\libc_nano.a(lib_a-nano-svfprintf.o)
 .ARM.attributes
                0x00000000000004fd       0x2d c:/st/stm32cubeide_1.6.0/stm32cubeide/plugins/com.st.stm32cube.ide.mcu.externaltools.gnu-tools-for-stm32.9-2020-q2-update.win32_1.5.0.202011040924/tools/bin/../lib/gcc/arm-none-eabi/9.3.1/../../../../arm-none-eabi/lib/thumb/v7-m/nofp\libc_nano.a(lib_a-nano-vfprintf_i.o)
 .ARM.attributes
                0x000000000000052a       0x2d c:/st/stm32cubeide_1.6.0/stm32cubeide/plugins/com.st.stm32cube.ide.mcu.externaltools.gnu-tools-for-stm32.9-2020-q2-update.win32_1.5.0.202011040924/tools/bin/../lib/gcc/arm-none-eabi/9.3.1/../../../../arm-none-eabi/lib/thumb/v7-m/nofp\libc_nano.a(lib_a-memchr-stub.o)
 .ARM.attributes
                0x0000000000000557       0x2d c:/st/stm32cubeide_1.6.0/stm32cubeide/plugins/com.st.stm32cube.ide.mcu.externaltools.gnu-tools-for-stm32.9-2020-q2-update.win32_1.5.0.202011040924/tools/bin/../lib/gcc/arm-none-eabi/9.3.1/../../../../arm-none-eabi/lib/thumb/v7-m/nofp\libc_nano.a(lib_a-memcpy-stub.o)
 .ARM.attributes
                0x0000000000000584       0x2d c:/st/stm32cubeide_1.6.0/stm32cubeide/plugins/com.st.stm32cube.ide.mcu.externaltools.gnu-tools-for-stm32.9-2020-q2-update.win32_1.5.0.202011040924/tools/bin/../lib/gcc/arm-none-eabi/9.3.1/../../../../arm-none-eabi/lib/thumb/v7-m/nofp\libc_nano.a(lib_a-memmove.o)
 .ARM.attributes
                0x00000000000005b1       0x2d c:/st/stm32cubeide_1.6.0/stm32cubeide/plugins/com.st.stm32cube.ide.mcu.externaltools.gnu-tools-for-stm32.9-2020-q2-update.win32_1.5.0.202011040924/tools/bin/../lib/gcc/arm-none-eabi/9.3.1/../../../../arm-none-eabi/lib/thumb/v7-m/nofp\libc_nano.a(lib_a-nano-freer.o)
 .ARM.attributes
                0x00000000000005de       0x2d c:/st/stm32cubeide_1.6.0/stm32cubeide/plugins/com.st.stm32cube.ide.mcu.externaltools.gnu-tools-for-stm32.9-2020-q2-update.win32_1.5.0.202011040924/tools/bin/../lib/gcc/arm-none-eabi/9.3.1/../../../../arm-none-eabi/lib/thumb/v7-m/nofp\libc_nano.a(lib_a-nano-mallocr.o)
 .ARM.attributes
                0x000000000000060b       0x2d c:/st/stm32cubeide_1.6.0/stm32cubeide/plugins/com.st.stm32cube.ide.mcu.externaltools.gnu-tools-for-stm32.9-2020-q2-update.win32_1.5.0.202011040924/tools/bin/../lib/gcc/arm-none-eabi/9.3.1/../../../../arm-none-eabi/lib/thumb/v7-m/nofp\libc_nano.a(lib_a-nano-reallocr.o)
 .ARM.attributes
                0x0000000000000638       0x2d c:/st/stm32cubeide_1.6.0/stm32cubeide/plugins/com.st.stm32cube.ide.mcu.externaltools.gnu-tools-for-stm32.9-2020-q2-update.win32_1.5.0.202011040924/tools/bin/../lib/gcc/arm-none-eabi/9.3.1/../../../../arm-none-eabi/lib/thumb/v7-m/nofp\libc_nano.a(lib_a-sbrkr.o)
 .ARM.attributes
                0x0000000000000665       0x2d c:/st/stm32cubeide_1.6.0/stm32cubeide/plugins/com.st.stm32cube.ide.mcu.externaltools.gnu-tools-for-stm32.9-2020-q2-update.win32_1.5.0.202011040924/tools/bin/../lib/gcc/arm-none-eabi/9.3.1/../../../../arm-none-eabi/lib/thumb/v7-m/nofp\libc_nano.a(lib_a-mlock.o)
 .ARM.attributes
                0x0000000000000692       0x2d c:/st/stm32cubeide_1.6.0/stm32cubeide/plugins/com.st.stm32cube.ide.mcu.externaltools.gnu-tools-for-stm32.9-2020-q2-update.win32_1.5.0.202011040924/tools/bin/../lib/gcc/arm-none-eabi/9.3.1/../../../../arm-none-eabi/lib/thumb/v7-m/nofp\libc_nano.a(lib_a-nano-msizer.o)
 .ARM.attributes
                0x00000000000006bf       0x2d c:/st/stm32cubeide_1.6.0/stm32cubeide/plugins/com.st.stm32cube.ide.mcu.externaltools.gnu-tools-for-stm32.9-2020-q2-update.win32_1.5.0.202011040924/tools/bin/../lib/gcc/arm-none-eabi/9.3.1/../../../../arm-none-eabi/lib/thumb/v7-m/nofp\libc_nano.a(lib_a-reent.o)
 .ARM.attributes
                0x00000000000006ec       0x2d c:/st/stm32cubeide_1.6.0/stm32cubeide/plugins/com.st.stm32cube.ide.mcu.externaltools.gnu-tools-for-stm32.9-2020-q2-update.win32_1.5.0.202011040924/tools/bin/../lib/gcc/arm-none-eabi/9.3.1/../../../../arm-none-eabi/lib/thumb/v7-m/nofp\libc_nano.a(lib_a-lock.o)
 .ARM.attributes
                0x0000000000000719       0x1d c:/st/stm32cubeide_1.6.0/stm32cubeide/plugins/com.st.stm32cube.ide.mcu.externaltools.gnu-tools-for-stm32.9-2020-q2-update.win32_1.5.0.202011040924/tools/bin/../lib/gcc/arm-none-eabi/9.3.1/thumb/v7-m/nofp\libgcc.a(_arm_addsubsf3.o)
 .ARM.attributes
                0x0000000000000736       0x1d c:/st/stm32cubeide_1.6.0/stm32cubeide/plugins/com.st.stm32cube.ide.mcu.externaltools.gnu-tools-for-stm32.9-2020-q2-update.win32_1.5.0.202011040924/tools/bin/../lib/gcc/arm-none-eabi/9.3.1/thumb/v7-m/nofp\libgcc.a(_arm_muldivsf3.o)
 .ARM.attributes
                0x0000000000000753       0x1d c:/st/stm32cubeide_1.6.0/stm32cubeide/plugins/com.st.stm32cube.ide.mcu.externaltools.gnu-tools-for-stm32.9-2020-q2-update.win32_1.5.0.202011040924/tools/bin/../lib/gcc/arm-none-eabi/9.3.1/thumb/v7-m/nofp\libgcc.a(_arm_cmpsf2.o)
 .ARM.attributes
                0x0000000000000770       0x1d c:/st/stm32cubeide_1.6.0/stm32cubeide/plugins/com.st.stm32cube.ide.mcu.externaltools.gnu-tools-for-stm32.9-2020-q2-update.win32_1.5.0.202011040924/tools/bin/../lib/gcc/arm-none-eabi/9.3.1/thumb/v7-m/nofp\libgcc.a(_arm_fixunssfsi.o)
 .ARM.attributes
                0x000000000000078d       0x1d c:/st/stm32cubeide_1.6.0/stm32cubeide/plugins/com.st.stm32cube.ide.mcu.externaltools.gnu-tools-for-stm32.9-2020-q2-update.win32_1.5.0.202011040924/tools/bin/../lib/gcc/arm-none-eabi/9.3.1/thumb/v7-m/nofp/crtn.o
OUTPUT(PlasticBOT_v01.elf elf32-littlearm)
LOAD linker stubs
LOAD c:/st/stm32cubeide_1.6.0/stm32cubeide/plugins/com.st.stm32cube.ide.mcu.externaltools.gnu-tools-for-stm32.9-2020-q2-update.win32_1.5.0.202011040924/tools/bin/../lib/gcc/arm-none-eabi/9.3.1/../../../../arm-none-eabi/lib/thumb/v7-m/nofp\libc.a
LOAD c:/st/stm32cubeide_1.6.0/stm32cubeide/plugins/com.st.stm32cube.ide.mcu.externaltools.gnu-tools-for-stm32.9-2020-q2-update.win32_1.5.0.202011040924/tools/bin/../lib/gcc/arm-none-eabi/9.3.1/../../../../arm-none-eabi/lib/thumb/v7-m/nofp\libm.a
LOAD c:/st/stm32cubeide_1.6.0/stm32cubeide/plugins/com.st.stm32cube.ide.mcu.externaltools.gnu-tools-for-stm32.9-2020-q2-update.win32_1.5.0.202011040924/tools/bin/../lib/gcc/arm-none-eabi/9.3.1/thumb/v7-m/nofp\libgcc.a

.debug_info     0x0000000000000000    0x15611
 .debug_info    0x0000000000000000     0x10b1 Core/Src/alarms.o
 .debug_info    0x00000000000010b1     0x1125 Core/Src/controlTemp.o
 .debug_info    0x00000000000021d6     0x104f Core/Src/gui.o
 .debug_info    0x0000000000003225     0x16f6 Core/Src/lcd.o
 .debug_info    0x000000000000491b     0x1df8 Core/Src/main.o
 .debug_info    0x0000000000006713     0x13ec Core/Src/motors.o
 .debug_info    0x0000000000007aff     0x1a11 Core/Src/stm32f1xx_hal_msp.o
 .debug_info    0x0000000000009510     0x10f0 Core/Src/stm32f1xx_it.o
 .debug_info    0x000000000000a600      0xa25 Core/Src/sysmem.o
 .debug_info    0x000000000000b025      0x2be Core/Src/system_stm32f1xx.o
 .debug_info    0x000000000000b2e3       0x22 Core/Startup/startup_stm32f103c6tx.o
 .debug_info    0x000000000000b305      0x74c Drivers/STM32F1xx_HAL_Driver/Src/stm32f1xx_hal.o
 .debug_info    0x000000000000ba51      0xd2d Drivers/STM32F1xx_HAL_Driver/Src/stm32f1xx_hal_adc.o
 .debug_info    0x000000000000c77e      0xbbe Drivers/STM32F1xx_HAL_Driver/Src/stm32f1xx_hal_cortex.o
 .debug_info    0x000000000000d33c      0x81e Drivers/STM32F1xx_HAL_Driver/Src/stm32f1xx_hal_dma.o
 .debug_info    0x000000000000db5a      0x701 Drivers/STM32F1xx_HAL_Driver/Src/stm32f1xx_hal_gpio.o
 .debug_info    0x000000000000e25b     0x278e Drivers/STM32F1xx_HAL_Driver/Src/stm32f1xx_hal_i2c.o
 .debug_info    0x00000000000109e9      0x88e Drivers/STM32F1xx_HAL_Driver/Src/stm32f1xx_hal_rcc.o
 .debug_info    0x0000000000011277      0x480 Drivers/STM32F1xx_HAL_Driver/Src/stm32f1xx_hal_rcc_ex.o
 .debug_info    0x00000000000116f7     0x2a45 Drivers/STM32F1xx_HAL_Driver/Src/stm32f1xx_hal_tim.o
 .debug_info    0x000000000001413c     0x14d5 Drivers/STM32F1xx_HAL_Driver/Src/stm32f1xx_hal_tim_ex.o

.debug_abbrev   0x0000000000000000     0x2cf9
 .debug_abbrev  0x0000000000000000      0x222 Core/Src/alarms.o
 .debug_abbrev  0x0000000000000222      0x258 Core/Src/controlTemp.o
 .debug_abbrev  0x000000000000047a      0x233 Core/Src/gui.o
 .debug_abbrev  0x00000000000006ad      0x2ec Core/Src/lcd.o
 .debug_abbrev  0x0000000000000999      0x328 Core/Src/main.o
 .debug_abbrev  0x0000000000000cc1      0x235 Core/Src/motors.o
 .debug_abbrev  0x0000000000000ef6      0x276 Core/Src/stm32f1xx_hal_msp.o
 .debug_abbrev  0x000000000000116c      0x211 Core/Src/stm32f1xx_it.o
 .debug_abbrev  0x000000000000137d      0x1bf Core/Src/sysmem.o
 .debug_abbrev  0x000000000000153c      0x14e Core/Src/system_stm32f1xx.o
 .debug_abbrev  0x000000000000168a       0x12 Core/Startup/startup_stm32f103c6tx.o
 .debug_abbrev  0x000000000000169c      0x1ed Drivers/STM32F1xx_HAL_Driver/Src/stm32f1xx_hal.o
 .debug_abbrev  0x0000000000001889      0x1fb Drivers/STM32F1xx_HAL_Driver/Src/stm32f1xx_hal_adc.o
 .debug_abbrev  0x0000000000001a84      0x313 Drivers/STM32F1xx_HAL_Driver/Src/stm32f1xx_hal_cortex.o
 .debug_abbrev  0x0000000000001d97      0x228 Drivers/STM32F1xx_HAL_Driver/Src/stm32f1xx_hal_dma.o
 .debug_abbrev  0x0000000000001fbf      0x1e8 Drivers/STM32F1xx_HAL_Driver/Src/stm32f1xx_hal_gpio.o
 .debug_abbrev  0x00000000000021a7      0x288 Drivers/STM32F1xx_HAL_Driver/Src/stm32f1xx_hal_i2c.o
 .debug_abbrev  0x000000000000242f      0x273 Drivers/STM32F1xx_HAL_Driver/Src/stm32f1xx_hal_rcc.o
 .debug_abbrev  0x00000000000026a2      0x193 Drivers/STM32F1xx_HAL_Driver/Src/stm32f1xx_hal_rcc_ex.o
 .debug_abbrev  0x0000000000002835      0x25e Drivers/STM32F1xx_HAL_Driver/Src/stm32f1xx_hal_tim.o
 .debug_abbrev  0x0000000000002a93      0x266 Drivers/STM32F1xx_HAL_Driver/Src/stm32f1xx_hal_tim_ex.o

.debug_aranges  0x0000000000000000      0xf68
 .debug_aranges
                0x0000000000000000       0x38 Core/Src/alarms.o
 .debug_aranges
                0x0000000000000038       0x38 Core/Src/controlTemp.o
 .debug_aranges
                0x0000000000000070       0x28 Core/Src/gui.o
 .debug_aranges
                0x0000000000000098       0xa8 Core/Src/lcd.o
 .debug_aranges
                0x0000000000000140       0x70 Core/Src/main.o
 .debug_aranges
                0x00000000000001b0       0x38 Core/Src/motors.o
 .debug_aranges
                0x00000000000001e8       0x50 Core/Src/stm32f1xx_hal_msp.o
 .debug_aranges
                0x0000000000000238       0x80 Core/Src/stm32f1xx_it.o
 .debug_aranges
                0x00000000000002b8       0x20 Core/Src/sysmem.o
 .debug_aranges
                0x00000000000002d8       0x28 Core/Src/system_stm32f1xx.o
 .debug_aranges
                0x0000000000000300       0x28 Core/Startup/startup_stm32f103c6tx.o
 .debug_aranges
                0x0000000000000328       0xe0 Drivers/STM32F1xx_HAL_Driver/Src/stm32f1xx_hal.o
 .debug_aranges
                0x0000000000000408       0xf0 Drivers/STM32F1xx_HAL_Driver/Src/stm32f1xx_hal_adc.o
 .debug_aranges
                0x00000000000004f8      0x100 Drivers/STM32F1xx_HAL_Driver/Src/stm32f1xx_hal_cortex.o
 .debug_aranges
                0x00000000000005f8       0x80 Drivers/STM32F1xx_HAL_Driver/Src/stm32f1xx_hal_dma.o
 .debug_aranges
                0x0000000000000678       0x58 Drivers/STM32F1xx_HAL_Driver/Src/stm32f1xx_hal_gpio.o
 .debug_aranges
                0x00000000000006d0      0x2a0 Drivers/STM32F1xx_HAL_Driver/Src/stm32f1xx_hal_i2c.o
 .debug_aranges
                0x0000000000000970       0x90 Drivers/STM32F1xx_HAL_Driver/Src/stm32f1xx_hal_rcc.o
 .debug_aranges
                0x0000000000000a00       0x30 Drivers/STM32F1xx_HAL_Driver/Src/stm32f1xx_hal_rcc_ex.o
 .debug_aranges
                0x0000000000000a30      0x3d0 Drivers/STM32F1xx_HAL_Driver/Src/stm32f1xx_hal_tim.o
 .debug_aranges
                0x0000000000000e00      0x168 Drivers/STM32F1xx_HAL_Driver/Src/stm32f1xx_hal_tim_ex.o

.debug_ranges   0x0000000000000000      0xe48
 .debug_ranges  0x0000000000000000       0x28 Core/Src/alarms.o
 .debug_ranges  0x0000000000000028       0x28 Core/Src/controlTemp.o
 .debug_ranges  0x0000000000000050       0x18 Core/Src/gui.o
 .debug_ranges  0x0000000000000068       0x98 Core/Src/lcd.o
 .debug_ranges  0x0000000000000100       0x60 Core/Src/main.o
 .debug_ranges  0x0000000000000160       0x28 Core/Src/motors.o
 .debug_ranges  0x0000000000000188       0x40 Core/Src/stm32f1xx_hal_msp.o
 .debug_ranges  0x00000000000001c8       0x70 Core/Src/stm32f1xx_it.o
 .debug_ranges  0x0000000000000238       0x10 Core/Src/sysmem.o
 .debug_ranges  0x0000000000000248       0x18 Core/Src/system_stm32f1xx.o
 .debug_ranges  0x0000000000000260       0x20 Core/Startup/startup_stm32f103c6tx.o
 .debug_ranges  0x0000000000000280       0xd0 Drivers/STM32F1xx_HAL_Driver/Src/stm32f1xx_hal.o
 .debug_ranges  0x0000000000000350       0xe0 Drivers/STM32F1xx_HAL_Driver/Src/stm32f1xx_hal_adc.o
 .debug_ranges  0x0000000000000430       0xf0 Drivers/STM32F1xx_HAL_Driver/Src/stm32f1xx_hal_cortex.o
 .debug_ranges  0x0000000000000520       0x70 Drivers/STM32F1xx_HAL_Driver/Src/stm32f1xx_hal_dma.o
 .debug_ranges  0x0000000000000590       0x48 Drivers/STM32F1xx_HAL_Driver/Src/stm32f1xx_hal_gpio.o
 .debug_ranges  0x00000000000005d8      0x2b8 Drivers/STM32F1xx_HAL_Driver/Src/stm32f1xx_hal_i2c.o
 .debug_ranges  0x0000000000000890       0x80 Drivers/STM32F1xx_HAL_Driver/Src/stm32f1xx_hal_rcc.o
 .debug_ranges  0x0000000000000910       0x20 Drivers/STM32F1xx_HAL_Driver/Src/stm32f1xx_hal_rcc_ex.o
 .debug_ranges  0x0000000000000930      0x3c0 Drivers/STM32F1xx_HAL_Driver/Src/stm32f1xx_hal_tim.o
 .debug_ranges  0x0000000000000cf0      0x158 Drivers/STM32F1xx_HAL_Driver/Src/stm32f1xx_hal_tim_ex.o

.debug_macro    0x0000000000000000    0x19bb2
 .debug_macro   0x0000000000000000      0x371 Core/Src/alarms.o
 .debug_macro   0x0000000000000371      0xa9c Core/Src/alarms.o
 .debug_macro   0x0000000000000e0d      0x227 Core/Src/alarms.o
 .debug_macro   0x0000000000001034       0x2e Core/Src/alarms.o
 .debug_macro   0x0000000000001062       0x22 Core/Src/alarms.o
 .debug_macro   0x0000000000001084       0x22 Core/Src/alarms.o
 .debug_macro   0x00000000000010a6       0x8e Core/Src/alarms.o
 .debug_macro   0x0000000000001134       0x51 Core/Src/alarms.o
 .debug_macro   0x0000000000001185      0x103 Core/Src/alarms.o
 .debug_macro   0x0000000000001288       0x6a Core/Src/alarms.o
 .debug_macro   0x00000000000012f2      0x1df Core/Src/alarms.o
 .debug_macro   0x00000000000014d1       0x1c Core/Src/alarms.o
 .debug_macro   0x00000000000014ed       0x22 Core/Src/alarms.o
 .debug_macro   0x000000000000150f       0xc3 Core/Src/alarms.o
 .debug_macro   0x00000000000015d2      0xd23 Core/Src/alarms.o
 .debug_macro   0x00000000000022f5     0xde75 Core/Src/alarms.o
 .debug_macro   0x000000000001016a       0x6d Core/Src/alarms.o
 .debug_macro   0x00000000000101d7     0x3468 Core/Src/alarms.o
 .debug_macro   0x000000000001363f      0x174 Core/Src/alarms.o
 .debug_macro   0x00000000000137b3       0x5c Core/Src/alarms.o
 .debug_macro   0x000000000001380f      0x5be Core/Src/alarms.o
 .debug_macro   0x0000000000013dcd      0x1b7 Core/Src/alarms.o
 .debug_macro   0x0000000000013f84      0x1cb Core/Src/alarms.o
 .debug_macro   0x000000000001414f      0x114 Core/Src/alarms.o
 .debug_macro   0x0000000000014263      0x1b2 Core/Src/alarms.o
 .debug_macro   0x0000000000014415       0x27 Core/Src/alarms.o
 .debug_macro   0x000000000001443c      0x12f Core/Src/alarms.o
 .debug_macro   0x000000000001456b      0x1bc Core/Src/alarms.o
 .debug_macro   0x0000000000014727       0x34 Core/Src/alarms.o
 .debug_macro   0x000000000001475b       0x3c Core/Src/alarms.o
 .debug_macro   0x0000000000014797       0x57 Core/Src/alarms.o
 .debug_macro   0x00000000000147ee      0x46a Core/Src/alarms.o
 .debug_macro   0x0000000000014c58      0x1b5 Core/Src/alarms.o
 .debug_macro   0x0000000000014e0d       0x88 Core/Src/alarms.o
 .debug_macro   0x0000000000014e95      0x183 Core/Src/alarms.o
 .debug_macro   0x0000000000015018      0x287 Core/Src/alarms.o
 .debug_macro   0x000000000001529f      0x141 Core/Src/alarms.o
 .debug_macro   0x00000000000153e0      0x8d1 Core/Src/alarms.o
 .debug_macro   0x0000000000015cb1       0x69 Core/Src/alarms.o
 .debug_macro   0x0000000000015d1a       0x22 Core/Src/alarms.o
 .debug_macro   0x0000000000015d3c       0x52 Core/Src/alarms.o
 .debug_macro   0x0000000000015d8e       0x18 Core/Src/alarms.o
 .debug_macro   0x0000000000015da6       0x3c Core/Src/alarms.o
 .debug_macro   0x0000000000015de2       0x34 Core/Src/alarms.o
 .debug_macro   0x0000000000015e16       0x16 Core/Src/alarms.o
 .debug_macro   0x0000000000015e2c       0x35 Core/Src/alarms.o
 .debug_macro   0x0000000000015e61      0x333 Core/Src/alarms.o
 .debug_macro   0x0000000000016194       0x10 Core/Src/alarms.o
 .debug_macro   0x00000000000161a4       0x16 Core/Src/alarms.o
 .debug_macro   0x00000000000161ba       0x43 Core/Src/alarms.o
 .debug_macro   0x00000000000161fd       0x34 Core/Src/alarms.o
 .debug_macro   0x0000000000016231       0x10 Core/Src/alarms.o
 .debug_macro   0x0000000000016241       0x58 Core/Src/alarms.o
 .debug_macro   0x0000000000016299       0x71 Core/Src/alarms.o
 .debug_macro   0x000000000001630a       0x1c Core/Src/alarms.o
 .debug_macro   0x0000000000016326      0x12a Core/Src/alarms.o
 .debug_macro   0x0000000000016450       0x10 Core/Src/alarms.o
 .debug_macro   0x0000000000016460       0x1c Core/Src/alarms.o
 .debug_macro   0x000000000001647c       0x52 Core/Src/alarms.o
 .debug_macro   0x00000000000164ce       0x22 Core/Src/alarms.o
 .debug_macro   0x00000000000164f0       0x10 Core/Src/alarms.o
 .debug_macro   0x0000000000016500       0x40 Core/Src/alarms.o
 .debug_macro   0x0000000000016540       0xd5 Core/Src/alarms.o
 .debug_macro   0x0000000000016615       0x1c Core/Src/alarms.o
 .debug_macro   0x0000000000016631       0x3d Core/Src/alarms.o
 .debug_macro   0x000000000001666e       0x16 Core/Src/alarms.o
 .debug_macro   0x0000000000016684      0x145 Core/Src/alarms.o
 .debug_macro   0x00000000000167c9      0x1a9 Core/Src/alarms.o
 .debug_macro   0x0000000000016972       0xbe Core/Src/alarms.o
 .debug_macro   0x0000000000016a30       0x10 Core/Src/alarms.o
 .debug_macro   0x0000000000016a40       0xa6 Core/Src/alarms.o
 .debug_macro   0x0000000000016ae6       0x6a Core/Src/alarms.o
 .debug_macro   0x0000000000016b50      0x380 Core/Src/controlTemp.o
 .debug_macro   0x0000000000016ed0       0xb8 Core/Src/controlTemp.o
 .debug_macro   0x0000000000016f88      0x383 Core/Src/gui.o
 .debug_macro   0x000000000001730b       0xa0 Core/Src/gui.o
 .debug_macro   0x00000000000173ab      0x377 Core/Src/lcd.o
 .debug_macro   0x0000000000017722      0x37d Core/Src/main.o
 .debug_macro   0x0000000000017a9f      0x377 Core/Src/motors.o
 .debug_macro   0x0000000000017e16      0x340 Core/Src/stm32f1xx_hal_msp.o
 .debug_macro   0x0000000000018156      0x34a Core/Src/stm32f1xx_it.o
 .debug_macro   0x00000000000184a0       0xff Core/Src/sysmem.o
 .debug_macro   0x000000000001859f      0x23b Core/Src/sysmem.o
 .debug_macro   0x00000000000187da      0x1b6 Core/Src/system_stm32f1xx.o
 .debug_macro   0x0000000000018990      0x1da Drivers/STM32F1xx_HAL_Driver/Src/stm32f1xx_hal.o
 .debug_macro   0x0000000000018b6a      0x1d3 Drivers/STM32F1xx_HAL_Driver/Src/stm32f1xx_hal_adc.o
 .debug_macro   0x0000000000018d3d      0x1b6 Drivers/STM32F1xx_HAL_Driver/Src/stm32f1xx_hal_cortex.o
 .debug_macro   0x0000000000018ef3      0x1b6 Drivers/STM32F1xx_HAL_Driver/Src/stm32f1xx_hal_dma.o
 .debug_macro   0x00000000000190a9      0x221 Drivers/STM32F1xx_HAL_Driver/Src/stm32f1xx_hal_gpio.o
 .debug_macro   0x00000000000192ca      0x1fd Drivers/STM32F1xx_HAL_Driver/Src/stm32f1xx_hal_i2c.o
 .debug_macro   0x00000000000194c7      0x1c8 Drivers/STM32F1xx_HAL_Driver/Src/stm32f1xx_hal_rcc.o
 .debug_macro   0x000000000001968f      0x1b6 Drivers/STM32F1xx_HAL_Driver/Src/stm32f1xx_hal_rcc_ex.o
 .debug_macro   0x0000000000019845      0x1b7 Drivers/STM32F1xx_HAL_Driver/Src/stm32f1xx_hal_tim.o
 .debug_macro   0x00000000000199fc      0x1b6 Drivers/STM32F1xx_HAL_Driver/Src/stm32f1xx_hal_tim_ex.o

.debug_line     0x0000000000000000    0x13934
 .debug_line    0x0000000000000000      0x940 Core/Src/alarms.o
 .debug_line    0x0000000000000940      0x9f7 Core/Src/controlTemp.o
 .debug_line    0x0000000000001337      0xda9 Core/Src/gui.o
 .debug_line    0x00000000000020e0      0xc24 Core/Src/lcd.o
 .debug_line    0x0000000000002d04      0xbba Core/Src/main.o
 .debug_line    0x00000000000038be      0x92d Core/Src/motors.o
 .debug_line    0x00000000000041eb      0x996 Core/Src/stm32f1xx_hal_msp.o
 .debug_line    0x0000000000004b81      0x9c9 Core/Src/stm32f1xx_it.o
 .debug_line    0x000000000000554a      0x4f8 Core/Src/sysmem.o
 .debug_line    0x0000000000005a42      0x72b Core/Src/system_stm32f1xx.o
 .debug_line    0x000000000000616d       0x87 Core/Startup/startup_stm32f103c6tx.o
 .debug_line    0x00000000000061f4      0x958 Drivers/STM32F1xx_HAL_Driver/Src/stm32f1xx_hal.o
 .debug_line    0x0000000000006b4c      0xfcf Drivers/STM32F1xx_HAL_Driver/Src/stm32f1xx_hal_adc.o
 .debug_line    0x0000000000007b1b      0xb40 Drivers/STM32F1xx_HAL_Driver/Src/stm32f1xx_hal_cortex.o
 .debug_line    0x000000000000865b      0xdb0 Drivers/STM32F1xx_HAL_Driver/Src/stm32f1xx_hal_dma.o
 .debug_line    0x000000000000940b      0x9d9 Drivers/STM32F1xx_HAL_Driver/Src/stm32f1xx_hal_gpio.o
 .debug_line    0x0000000000009de4     0x3a42 Drivers/STM32F1xx_HAL_Driver/Src/stm32f1xx_hal_i2c.o
 .debug_line    0x000000000000d826      0xd66 Drivers/STM32F1xx_HAL_Driver/Src/stm32f1xx_hal_rcc.o
 .debug_line    0x000000000000e58c      0x8a4 Drivers/STM32F1xx_HAL_Driver/Src/stm32f1xx_hal_rcc_ex.o
 .debug_line    0x000000000000ee30     0x32b6 Drivers/STM32F1xx_HAL_Driver/Src/stm32f1xx_hal_tim.o
 .debug_line    0x00000000000120e6     0x184e Drivers/STM32F1xx_HAL_Driver/Src/stm32f1xx_hal_tim_ex.o

.debug_str      0x0000000000000000    0x8ecb9
 .debug_str     0x0000000000000000    0x8a7a7 Core/Src/alarms.o
                                      0x8ac2d (size before relaxing)
 .debug_str     0x000000000008a7a7       0xa7 Core/Src/controlTemp.o
                                      0x8ac6d (size before relaxing)
 .debug_str     0x000000000008a84e       0x6b Core/Src/gui.o
                                      0x8abea (size before relaxing)
 .debug_str     0x000000000008a8b9      0x44c Core/Src/lcd.o
                                      0x8b030 (size before relaxing)
 .debug_str     0x000000000008ad05      0x8a1 Core/Src/main.o
                                      0x8b813 (size before relaxing)
 .debug_str     0x000000000008b5a6       0x4d Core/Src/motors.o
                                      0x8aef6 (size before relaxing)
 .debug_str     0x000000000008b5f3       0xde Core/Src/stm32f1xx_hal_msp.o
                                      0x8b015 (size before relaxing)
 .debug_str     0x000000000008b6d1      0x10c Core/Src/stm32f1xx_it.o
                                      0x8a953 (size before relaxing)
 .debug_str     0x000000000008b7dd      0x4e9 Core/Src/sysmem.o
                                       0x6264 (size before relaxing)
 .debug_str     0x000000000008bcc6       0x52 Core/Src/system_stm32f1xx.o
                                      0x857f7 (size before relaxing)
 .debug_str     0x000000000008bd18       0x36 Core/Startup/startup_stm32f103c6tx.o
                                         0x78 (size before relaxing)
 .debug_str     0x000000000008bd4e      0x304 Drivers/STM32F1xx_HAL_Driver/Src/stm32f1xx_hal.o
                                      0x85e4e (size before relaxing)
 .debug_str     0x000000000008c052      0x357 Drivers/STM32F1xx_HAL_Driver/Src/stm32f1xx_hal_adc.o
                                      0x85e87 (size before relaxing)
 .debug_str     0x000000000008c3a9      0x300 Drivers/STM32F1xx_HAL_Driver/Src/stm32f1xx_hal_cortex.o
                                      0x85e56 (size before relaxing)
 .debug_str     0x000000000008c6a9      0x230 Drivers/STM32F1xx_HAL_Driver/Src/stm32f1xx_hal_dma.o
                                      0x85bd2 (size before relaxing)
 .debug_str     0x000000000008c8d9      0x2ff Drivers/STM32F1xx_HAL_Driver/Src/stm32f1xx_hal_gpio.o
                                      0x85bbb (size before relaxing)
 .debug_str     0x000000000008cbd8      0xb41 Drivers/STM32F1xx_HAL_Driver/Src/stm32f1xx_hal_i2c.o
                                      0x86833 (size before relaxing)
 .debug_str     0x000000000008d719      0x244 Drivers/STM32F1xx_HAL_Driver/Src/stm32f1xx_hal_rcc.o
                                      0x85bf4 (size before relaxing)
 .debug_str     0x000000000008d95d       0xb9 Drivers/STM32F1xx_HAL_Driver/Src/stm32f1xx_hal_rcc_ex.o
                                      0x85981 (size before relaxing)
 .debug_str     0x000000000008da16      0xdb5 Drivers/STM32F1xx_HAL_Driver/Src/stm32f1xx_hal_tim.o
                                      0x86bc6 (size before relaxing)
 .debug_str     0x000000000008e7cb      0x4ee Drivers/STM32F1xx_HAL_Driver/Src/stm32f1xx_hal_tim_ex.o
                                      0x86377 (size before relaxing)

.comment        0x0000000000000000       0x53
 .comment       0x0000000000000000       0x53 Core/Src/alarms.o
                                         0x54 (size before relaxing)
 .comment       0x0000000000000053       0x54 Core/Src/controlTemp.o
 .comment       0x0000000000000053       0x54 Core/Src/gui.o
 .comment       0x0000000000000053       0x54 Core/Src/lcd.o
 .comment       0x0000000000000053       0x54 Core/Src/main.o
 .comment       0x0000000000000053       0x54 Core/Src/motors.o
 .comment       0x0000000000000053       0x54 Core/Src/stm32f1xx_hal_msp.o
 .comment       0x0000000000000053       0x54 Core/Src/stm32f1xx_it.o
 .comment       0x0000000000000053       0x54 Core/Src/sysmem.o
 .comment       0x0000000000000053       0x54 Core/Src/system_stm32f1xx.o
 .comment       0x0000000000000053       0x54 Drivers/STM32F1xx_HAL_Driver/Src/stm32f1xx_hal.o
 .comment       0x0000000000000053       0x54 Drivers/STM32F1xx_HAL_Driver/Src/stm32f1xx_hal_adc.o
 .comment       0x0000000000000053       0x54 Drivers/STM32F1xx_HAL_Driver/Src/stm32f1xx_hal_cortex.o
 .comment       0x0000000000000053       0x54 Drivers/STM32F1xx_HAL_Driver/Src/stm32f1xx_hal_dma.o
 .comment       0x0000000000000053       0x54 Drivers/STM32F1xx_HAL_Driver/Src/stm32f1xx_hal_gpio.o
 .comment       0x0000000000000053       0x54 Drivers/STM32F1xx_HAL_Driver/Src/stm32f1xx_hal_i2c.o
 .comment       0x0000000000000053       0x54 Drivers/STM32F1xx_HAL_Driver/Src/stm32f1xx_hal_rcc.o
 .comment       0x0000000000000053       0x54 Drivers/STM32F1xx_HAL_Driver/Src/stm32f1xx_hal_rcc_ex.o
 .comment       0x0000000000000053       0x54 Drivers/STM32F1xx_HAL_Driver/Src/stm32f1xx_hal_tim.o
 .comment       0x0000000000000053       0x54 Drivers/STM32F1xx_HAL_Driver/Src/stm32f1xx_hal_tim_ex.o

.debug_frame    0x0000000000000000     0x4484
 .debug_frame   0x0000000000000000       0x88 Core/Src/alarms.o
 .debug_frame   0x0000000000000088       0x94 Core/Src/controlTemp.o
 .debug_frame   0x000000000000011c       0x5c Core/Src/gui.o
 .debug_frame   0x0000000000000178      0x268 Core/Src/lcd.o
 .debug_frame   0x00000000000003e0      0x188 Core/Src/main.o
 .debug_frame   0x0000000000000568       0x88 Core/Src/motors.o
 .debug_frame   0x00000000000005f0      0x110 Core/Src/stm32f1xx_hal_msp.o
 .debug_frame   0x0000000000000700      0x174 Core/Src/stm32f1xx_it.o
 .debug_frame   0x0000000000000874       0x34 Core/Src/sysmem.o
 .debug_frame   0x00000000000008a8       0x58 Core/Src/system_stm32f1xx.o
 .debug_frame   0x0000000000000900      0x334 Drivers/STM32F1xx_HAL_Driver/Src/stm32f1xx_hal.o
 .debug_frame   0x0000000000000c34      0x40c Drivers/STM32F1xx_HAL_Driver/Src/stm32f1xx_hal_adc.o
 .debug_frame   0x0000000000001040      0x428 Drivers/STM32F1xx_HAL_Driver/Src/stm32f1xx_hal_cortex.o
 .debug_frame   0x0000000000001468      0x208 Drivers/STM32F1xx_HAL_Driver/Src/stm32f1xx_hal_dma.o
 .debug_frame   0x0000000000001670      0x14c Drivers/STM32F1xx_HAL_Driver/Src/stm32f1xx_hal_gpio.o
 .debug_frame   0x00000000000017bc      0xc5c Drivers/STM32F1xx_HAL_Driver/Src/stm32f1xx_hal_i2c.o
 .debug_frame   0x0000000000002418      0x21c Drivers/STM32F1xx_HAL_Driver/Src/stm32f1xx_hal_rcc.o
 .debug_frame   0x0000000000002634       0x84 Drivers/STM32F1xx_HAL_Driver/Src/stm32f1xx_hal_rcc_ex.o
 .debug_frame   0x00000000000026b8     0x11b8 Drivers/STM32F1xx_HAL_Driver/Src/stm32f1xx_hal_tim.o
 .debug_frame   0x0000000000003870      0x638 Drivers/STM32F1xx_HAL_Driver/Src/stm32f1xx_hal_tim_ex.o
 .debug_frame   0x0000000000003ea8       0x20 c:/st/stm32cubeide_1.6.0/stm32cubeide/plugins/com.st.stm32cube.ide.mcu.externaltools.gnu-tools-for-stm32.9-2020-q2-update.win32_1.5.0.202011040924/tools/bin/../lib/gcc/arm-none-eabi/9.3.1/../../../../arm-none-eabi/lib/thumb/v7-m/nofp\libc_nano.a(lib_a-errno.o)
 .debug_frame   0x0000000000003ec8       0x2c c:/st/stm32cubeide_1.6.0/stm32cubeide/plugins/com.st.stm32cube.ide.mcu.externaltools.gnu-tools-for-stm32.9-2020-q2-update.win32_1.5.0.202011040924/tools/bin/../lib/gcc/arm-none-eabi/9.3.1/../../../../arm-none-eabi/lib/thumb/v7-m/nofp\libc_nano.a(lib_a-init.o)
 .debug_frame   0x0000000000003ef4       0x20 c:/st/stm32cubeide_1.6.0/stm32cubeide/plugins/com.st.stm32cube.ide.mcu.externaltools.gnu-tools-for-stm32.9-2020-q2-update.win32_1.5.0.202011040924/tools/bin/../lib/gcc/arm-none-eabi/9.3.1/../../../../arm-none-eabi/lib/thumb/v7-m/nofp\libc_nano.a(lib_a-memset.o)
 .debug_frame   0x0000000000003f14       0x6c c:/st/stm32cubeide_1.6.0/stm32cubeide/plugins/com.st.stm32cube.ide.mcu.externaltools.gnu-tools-for-stm32.9-2020-q2-update.win32_1.5.0.202011040924/tools/bin/../lib/gcc/arm-none-eabi/9.3.1/../../../../arm-none-eabi/lib/thumb/v7-m/nofp\libc_nano.a(lib_a-sprintf.o)
 .debug_frame   0x0000000000003f80       0x90 c:/st/stm32cubeide_1.6.0/stm32cubeide/plugins/com.st.stm32cube.ide.mcu.externaltools.gnu-tools-for-stm32.9-2020-q2-update.win32_1.5.0.202011040924/tools/bin/../lib/gcc/arm-none-eabi/9.3.1/../../../../arm-none-eabi/lib/thumb/v7-m/nofp\libc_nano.a(lib_a-nano-svfprintf.o)
 .debug_frame   0x0000000000004010       0x60 c:/st/stm32cubeide_1.6.0/stm32cubeide/plugins/com.st.stm32cube.ide.mcu.externaltools.gnu-tools-for-stm32.9-2020-q2-update.win32_1.5.0.202011040924/tools/bin/../lib/gcc/arm-none-eabi/9.3.1/../../../../arm-none-eabi/lib/thumb/v7-m/nofp\libc_nano.a(lib_a-nano-vfprintf_i.o)
 .debug_frame   0x0000000000004070       0x28 c:/st/stm32cubeide_1.6.0/stm32cubeide/plugins/com.st.stm32cube.ide.mcu.externaltools.gnu-tools-for-stm32.9-2020-q2-update.win32_1.5.0.202011040924/tools/bin/../lib/gcc/arm-none-eabi/9.3.1/../../../../arm-none-eabi/lib/thumb/v7-m/nofp\libc_nano.a(lib_a-memchr-stub.o)
 .debug_frame   0x0000000000004098       0x28 c:/st/stm32cubeide_1.6.0/stm32cubeide/plugins/com.st.stm32cube.ide.mcu.externaltools.gnu-tools-for-stm32.9-2020-q2-update.win32_1.5.0.202011040924/tools/bin/../lib/gcc/arm-none-eabi/9.3.1/../../../../arm-none-eabi/lib/thumb/v7-m/nofp\libc_nano.a(lib_a-memcpy-stub.o)
 .debug_frame   0x00000000000040c0       0x28 c:/st/stm32cubeide_1.6.0/stm32cubeide/plugins/com.st.stm32cube.ide.mcu.externaltools.gnu-tools-for-stm32.9-2020-q2-update.win32_1.5.0.202011040924/tools/bin/../lib/gcc/arm-none-eabi/9.3.1/../../../../arm-none-eabi/lib/thumb/v7-m/nofp\libc_nano.a(lib_a-memmove.o)
 .debug_frame   0x00000000000040e8       0x38 c:/st/stm32cubeide_1.6.0/stm32cubeide/plugins/com.st.stm32cube.ide.mcu.externaltools.gnu-tools-for-stm32.9-2020-q2-update.win32_1.5.0.202011040924/tools/bin/../lib/gcc/arm-none-eabi/9.3.1/../../../../arm-none-eabi/lib/thumb/v7-m/nofp\libc_nano.a(lib_a-nano-freer.o)
 .debug_frame   0x0000000000004120       0x30 c:/st/stm32cubeide_1.6.0/stm32cubeide/plugins/com.st.stm32cube.ide.mcu.externaltools.gnu-tools-for-stm32.9-2020-q2-update.win32_1.5.0.202011040924/tools/bin/../lib/gcc/arm-none-eabi/9.3.1/../../../../arm-none-eabi/lib/thumb/v7-m/nofp\libc_nano.a(lib_a-nano-mallocr.o)
 .debug_frame   0x0000000000004150       0x3c c:/st/stm32cubeide_1.6.0/stm32cubeide/plugins/com.st.stm32cube.ide.mcu.externaltools.gnu-tools-for-stm32.9-2020-q2-update.win32_1.5.0.202011040924/tools/bin/../lib/gcc/arm-none-eabi/9.3.1/../../../../arm-none-eabi/lib/thumb/v7-m/nofp\libc_nano.a(lib_a-nano-reallocr.o)