main.c:259:5:main	24	static
main.c:335:6:SystemClock_Config	88	static
main.c:381:13:MX_ADC1_Init	24	static
main.c:426:13:MX_I2C1_Init	8	static
main.c:460:13:MX_TIM2_Init	32	static
main.c:503:13:MX_DMA_Init	16	static
main.c:521:13:MX_GPIO_Init	40	static
main.c:574:6:PresentacionLCD	32	static
main.c:591:6:PetConv_Init	16	static
main.c:618:6:HAL_GPIO_EXTI_Callback	24	static
main.c:644:6:ControlAlarms	16	static
main.c:665:6:ActivaAlarmaLuminica	8	static
main.c:670:6:ActivaAlarmaSonora	8	static
main.c:675:6:DesactivaAlarmas	8	static
main.c:682:6:updateDataGUI	24	static
main.c:1133:6:updateLCD	168	static
main.c:1305:6:printScreenSettingTemp	80	static
main.c:1331:6:printSettingTemp	48	static
main.c:1346:6:printscreenWorking	80	static
main.c:1386:6:printCurrentTemp	64	static
main.c:1408:6:updateCursor	24	static
main.c:1552:6:printX	16	static
main.c:1570:6:printCursor	24	static
main.c:1603:6:clearAllCursor	16	static
main.c:1617:6:printScreen	48	static
main.c:1634:6:clearScreen	8	static
main.c:1642:6:ControlMotor	16	static
main.c:1648:6:HAL_TIM_PeriodElapsedCallback	16	static
main.c:1693:9:getTemp	32	static
main.c:1743:6:Control_ON_OFF	16	static
main.c:1813:6:Error_Handler	4	static,ignoring_inline_asm
