lcd.c:115:6:lcd_send_cmd	32	static
lcd.c:128:6:lcd_send_data	32	static
lcd.c:141:6:lcd_clear	16	static
lcd.c:150:6:lcd_init	8	static
lcd.c:177:6:lcd_send_string	16	static
lcd.c:182:6:PresentacionLCD	8	static
lcd.c:191:6:UpdateLCD	16	static
lcd.c:244:6:PrintScreenSettingTemp	40	static
lcd.c:256:6:PrintSettingTemp	24	static
lcd.c:265:6:PrintScreenWorking	40	static
lcd.c:294:6:UpdateCurrentTemp	24	static
lcd.c:303:6:PrintX	16	static
lcd.c:314:6:CleanX	8	static
lcd.c:326:6:PrintCursor	16	static
lcd.c:357:6:ClearAllCursor	8	static
lcd.c:369:6:PrintScreen	24	static
lcd.c:379:6:ClearScreen	8	static
lcd.c:385:6:PrintErrorMessage	8	static
