main.c:255:5:main	24	static
main.c:331:6:SystemClock_Config	88	static
main.c:377:13:MX_ADC1_Init	24	static
main.c:422:13:MX_I2C1_Init	8	static
main.c:456:13:MX_TIM2_Init	32	static
main.c:499:13:MX_DMA_Init	16	static
main.c:517:13:MX_GPIO_Init	40	static
main.c:567:6:PresentacionLCD	32	static
main.c:584:6:PetConv_Init	16	static
main.c:610:6:ControlAlarms	16	static
main.c:622:6:HAL_GPIO_EXTI_Callback	24	static
main.c:644:6:updateDataGUI	24	static
main.c:1095:6:updateLCD	168	static
main.c:1267:6:printScreenSettingTemp	80	static
main.c:1293:6:printSettingTemp	48	static
main.c:1308:6:printscreenWorking	80	static
main.c:1334:6:printCurrentTemp	64	static
main.c:1349:6:updateCursor	24	static
main.c:1493:6:printX	16	static
main.c:1511:6:printCursor	24	static
main.c:1544:6:clearAllCursor	16	static
main.c:1558:6:printScreen	48	static
main.c:1575:6:clearScreen	8	static
main.c:1583:6:ControlMotor	16	static
main.c:1589:6:HAL_TIM_PeriodElapsedCallback	16	static
main.c:1634:9:getTemp	32	static
main.c:1684:6:Control_ON_OFF	16	static
main.c:1754:6:Error_Handler	4	static,ignoring_inline_asm
